This is pdfTeX, Version 3.141592653-2.6-1.40.26 (TeX Live 2024) (preloaded format=pdflatex 2024.10.26)  28 MAR 2026 06:02
entering extended mode
 restricted \write18 enabled.
 %&-line parsing enabled.
**scientific_reports_submission.tex
(./scientific_reports_submission.tex
LaTeX2e <2023-11-01> patch level 1
L3 programming layer <2024-02-20>
(./wlscirep.cls
Document Class: wlscirep 08/08/2020, v1.4
(/usr/local/texlive/2024/texmf-dist/tex/latex/base/inputenc.sty
Package: inputenc 2021/02/14 v1.3d Input encoding file
\inpenc@prehook=\toks17
\inpenc@posthook=\toks18
) (/usr/local/texlive/2024/texmf-dist/tex/generic/babel/babel.sty
Package: babel 2024/02/07 v24.2 The Babel package
\babel@savecnt=\count188
\U@D=\dimen140
\l@unhyphenated=\language89
 (/usr/local/texlive/2024/texmf-dist/tex/generic/babel/txtbabel.def)
\bbl@readstream=\read2
\bbl@dirlevel=\count189
 (/usr/local/texlive/2024/texmf-dist/tex/generic/babel-english/english.ldf
Language: english 2017/06/06 v3.3r English support from the babel system
Package babel Info: Hyphen rules for 'canadian' set to \l@english
(babel)             (\language0). Reported on input line 102.
Package babel Info: Hyphen rules for 'australian' set to \l@ukenglish
(babel)             (\language23). Reported on input line 105.
Package babel Info: Hyphen rules for 'newzealand' set to \l@ukenglish
(babel)             (\language23). Reported on input line 108.
)) (/usr/local/texlive/2024/texmf-dist/tex/generic/babel/locale/en/babel-english.tex
Package babel Info: Importing font and identification data for english
(babel)             from babel-en.ini. Reported on input line 11.
) (/usr/local/texlive/2024/texmf-dist/tex/latex/base/ifthen.sty
Package: ifthen 2022/04/13 v1.1d Standard LaTeX ifthen package (DPC)
) (/usr/local/texlive/2024/texmf-dist/tex/latex/tools/calc.sty
Package: calc 2023/07/08 v4.3 Infix arithmetic (KKT,FJ)
\calc@Acount=\count190
\calc@Bcount=\count191
\calc@Adimen=\dimen141
\calc@Bdimen=\dimen142
\calc@Askip=\skip48
\calc@Bskip=\skip49
LaTeX Info: Redefining \setlength on input line 80.
LaTeX Info: Redefining \addtolength on input line 81.
\calc@Ccount=\count192
\calc@Cskip=\skip50
) (/usr/local/texlive/2024/texmf-dist/tex/latex/base/article.cls
Document Class: article 2023/05/17 v1.4n Standard LaTeX document class
(/usr/local/texlive/2024/texmf-dist/tex/latex/base/fleqn.clo
File: fleqn.clo 2016/12/29 v1.2b Standard LaTeX option (flush left equations)
\mathindent=\skip51
Applying: [2015/01/01] Make \[ robust on input line 50.
LaTeX Info: Redefining \[ on input line 51.
Already applied: [0000/00/00] Make \[ robust on input line 62.
Applying: [2015/01/01] Make \] robust on input line 74.
LaTeX Info: Redefining \] on input line 75.
Already applied: [0000/00/00] Make \] robust on input line 83.
) (/usr/local/texlive/2024/texmf-dist/tex/latex/base/size10.clo
File: size10.clo 2023/05/17 v1.4n Standard LaTeX file (size option)
)
\c@part=\count193
\c@section=\count194
\c@subsection=\count195
\c@subsubsection=\count196
\c@paragraph=\count197
\c@subparagraph=\count198
\c@figure=\count199
\c@table=\count266
\abovecaptionskip=\skip52
\belowcaptionskip=\skip53
\bibindent=\dimen143
) (/usr/local/texlive/2024/texmf-dist/tex/latex/amsmath/amsmath.sty
Package: amsmath 2023/05/13 v2.17o AMS math features
\@mathmargin=\skip54

For additional information on amsmath, use the `?' option.
(/usr/local/texlive/2024/texmf-dist/tex/latex/amsmath/amstext.sty
Package: amstext 2021/08/26 v2.01 AMS text
 (/usr/local/texlive/2024/texmf-dist/tex/latex/amsmath/amsgen.sty
File: amsgen.sty 1999/11/30 v2.0 generic functions
\@emptytoks=\toks19
\ex@=\dimen144
)) (/usr/local/texlive/2024/texmf-dist/tex/latex/amsmath/amsbsy.sty
Package: amsbsy 1999/11/29 v1.2d Bold Symbols
\pmbraise@=\dimen145
) (/usr/local/texlive/2024/texmf-dist/tex/latex/amsmath/amsopn.sty
Package: amsopn 2022/04/08 v2.04 operator names
)
\inf@bad=\count267
LaTeX Info: Redefining \frac on input line 234.
\uproot@=\count268
\leftroot@=\count269
LaTeX Info: Redefining \overline on input line 399.
LaTeX Info: Redefining \colon on input line 410.
\classnum@=\count270
\DOTSCASE@=\count271
LaTeX Info: Redefining \ldots on input line 496.
LaTeX Info: Redefining \dots on input line 499.
LaTeX Info: Redefining \cdots on input line 620.
\Mathstrutbox@=\box51
\strutbox@=\box52
LaTeX Info: Redefining \big on input line 722.
LaTeX Info: Redefining \Big on input line 723.
LaTeX Info: Redefining \bigg on input line 724.
LaTeX Info: Redefining \Bigg on input line 725.
\big@size=\dimen146
LaTeX Font Info:    Redeclaring font encoding OML on input line 743.
LaTeX Font Info:    Redeclaring font encoding OMS on input line 744.
\macc@depth=\count272
LaTeX Info: Redefining \bmod on input line 905.
LaTeX Info: Redefining \pmod on input line 910.
LaTeX Info: Redefining \smash on input line 940.
LaTeX Info: Redefining \relbar on input line 970.
LaTeX Info: Redefining \Relbar on input line 971.
\c@MaxMatrixCols=\count273
\dotsspace@=\muskip16
\c@parentequation=\count274
\dspbrk@lvl=\count275
\tag@help=\toks20
\row@=\count276
\column@=\count277
\maxfields@=\count278
\andhelp@=\toks21
\eqnshift@=\dimen147
\alignsep@=\dimen148
\tagshift@=\dimen149
\tagwidth@=\dimen150
\totwidth@=\dimen151
\lineht@=\dimen152
\@envbody=\toks22
\multlinegap=\skip55
\multlinetaggap=\skip56
\mathdisplay@stack=\toks23
LaTeX Info: Redefining \[ on input line 2953.
LaTeX Info: Redefining \] on input line 2954.
) (/usr/local/texlive/2024/texmf-dist/tex/latex/amsfonts/amsfonts.sty
Package: amsfonts 2013/01/14 v3.01 Basic AMSFonts support
\symAMSa=\mathgroup4
\symAMSb=\mathgroup5
LaTeX Font Info:    Redeclaring math symbol \hbar on input line 98.
LaTeX Font Info:    Overwriting math alphabet `\mathfrak' in version `bold'
(Font)                  U/euf/m/n --> U/euf/b/n on input line 106.
) (/usr/local/texlive/2024/texmf-dist/tex/latex/amsfonts/amssymb.sty
Package: amssymb 2013/01/14 v3.01 AMS font symbols
) (/usr/local/texlive/2024/texmf-dist/tex/latex/psnfss/mathptmx.sty
Package: mathptmx 2020/03/25 PSNFSS-v9.3 Times w/ Math, improved (SPQR, WaS) 
LaTeX Font Info:    Redeclaring symbol font `operators' on input line 28.
LaTeX Font Info:    Overwriting symbol font `operators' in version `normal'
(Font)                  OT1/cmr/m/n --> OT1/ztmcm/m/n on input line 28.
LaTeX Font Info:    Overwriting symbol font `operators' in version `bold'
(Font)                  OT1/cmr/bx/n --> OT1/ztmcm/m/n on input line 28.
LaTeX Font Info:    Redeclaring symbol font `letters' on input line 29.
LaTeX Font Info:    Overwriting symbol font `letters' in version `normal'
(Font)                  OML/cmm/m/it --> OML/ztmcm/m/it on input line 29.
LaTeX Font Info:    Overwriting symbol font `letters' in version `bold'
(Font)                  OML/cmm/b/it --> OML/ztmcm/m/it on input line 29.
LaTeX Font Info:    Redeclaring symbol font `symbols' on input line 30.
LaTeX Font Info:    Overwriting symbol font `symbols' in version `normal'
(Font)                  OMS/cmsy/m/n --> OMS/ztmcm/m/n on input line 30.
LaTeX Font Info:    Overwriting symbol font `symbols' in version `bold'
(Font)                  OMS/cmsy/b/n --> OMS/ztmcm/m/n on input line 30.
LaTeX Font Info:    Redeclaring symbol font `largesymbols' on input line 31.
LaTeX Font Info:    Overwriting symbol font `largesymbols' in version `normal'
(Font)                  OMX/cmex/m/n --> OMX/ztmcm/m/n on input line 31.
LaTeX Font Info:    Overwriting symbol font `largesymbols' in version `bold'
(Font)                  OMX/cmex/m/n --> OMX/ztmcm/m/n on input line 31.
\symbold=\mathgroup6
\symitalic=\mathgroup7
LaTeX Font Info:    Redeclaring math alphabet \mathbf on input line 34.
LaTeX Font Info:    Overwriting math alphabet `\mathbf' in version `normal'
(Font)                  OT1/cmr/bx/n --> OT1/ptm/bx/n on input line 34.
LaTeX Font Info:    Overwriting math alphabet `\mathbf' in version `bold'
(Font)                  OT1/cmr/bx/n --> OT1/ptm/bx/n on input line 34.
LaTeX Font Info:    Redeclaring math alphabet \mathit on input line 35.
LaTeX Font Info:    Overwriting math alphabet `\mathit' in version `normal'
(Font)                  OT1/cmr/m/it --> OT1/ptm/m/it on input line 35.
LaTeX Font Info:    Overwriting math alphabet `\mathit' in version `bold'
(Font)                  OT1/cmr/bx/it --> OT1/ptm/m/it on input line 35.
LaTeX Info: Redefining \hbar on input line 50.
) (/usr/local/texlive/2024/texmf-dist/tex/latex/psnfss/helvet.sty
Package: helvet 2020/03/25 PSNFSS-v9.3 (WaS) 
 (/usr/local/texlive/2024/texmf-dist/tex/latex/graphics/keyval.sty
Package: keyval 2022/05/29 v1.15 key=value parser (DPC)
\KV@toks@=\toks24
)) (/usr/local/texlive/2024/texmf-dist/tex/latex/psnfss/courier.sty
Package: courier 2020/03/25 PSNFSS-v9.3 (WaS) 
) (/usr/local/texlive/2024/texmf-dist/tex/generic/iftex/ifpdf.sty
Package: ifpdf 2019/10/25 v3.4 ifpdf legacy package. Use iftex instead.
 (/usr/local/texlive/2024/texmf-dist/tex/generic/iftex/iftex.sty
Package: iftex 2022/02/03 v1.0f TeX engine tests
)) (/usr/local/texlive/2024/texmf-dist/tex/latex/graphics/graphicx.sty
Package: graphicx 2021/09/16 v1.2d Enhanced LaTeX Graphics (DPC,SPQR)
 (/usr/local/texlive/2024/texmf-dist/tex/latex/graphics/graphics.sty
Package: graphics 2022/03/10 v1.4e Standard LaTeX Graphics (DPC,SPQR)
 (/usr/local/texlive/2024/texmf-dist/tex/latex/graphics/trig.sty
Package: trig 2021/08/11 v1.11 sin cos tan (DPC)
) (/usr/local/texlive/2024/texmf-dist/tex/latex/graphics-cfg/graphics.cfg
File: graphics.cfg 2016/06/04 v1.11 sample graphics configuration
)
Package graphics Info: Driver file: pdftex.def on input line 107.
 (/usr/local/texlive/2024/texmf-dist/tex/latex/graphics-def/pdftex.def
File: pdftex.def 2022/09/22 v1.2b Graphics/color driver for pdftex
))
\Gin@req@height=\dimen153
\Gin@req@width=\dimen154
) (/usr/local/texlive/2024/texmf-dist/tex/latex/xcolor/xcolor.sty
Package: xcolor 2023/11/15 v3.01 LaTeX color extensions (UK)
 (/usr/local/texlive/2024/texmf-dist/tex/latex/graphics-cfg/color.cfg
File: color.cfg 2016/01/02 v1.6 sample color configuration
)
Package xcolor Info: Driver file: pdftex.def on input line 274.
 (/usr/local/texlive/2024/texmf-dist/tex/latex/graphics/mathcolor.ltx)
Package xcolor Info: Model `cmy' substituted by `cmy0' on input line 1350.
Package xcolor Info: Model `hsb' substituted by `rgb' on input line 1354.
Package xcolor Info: Model `RGB' extended on input line 1366.
Package xcolor Info: Model `HTML' substituted by `rgb' on input line 1368.
Package xcolor Info: Model `Hsb' substituted by `hsb' on input line 1369.
Package xcolor Info: Model `tHsb' substituted by `hsb' on input line 1370.
Package xcolor Info: Model `HSB' substituted by `hsb' on input line 1371.
Package xcolor Info: Model `Gray' substituted by `gray' on input line 1372.
Package xcolor Info: Model `wave' substituted by `hsb' on input line 1373.
) (/usr/local/texlive/2024/texmf-dist/tex/latex/booktabs/booktabs.sty
Package: booktabs 2020/01/12 v1.61803398 Publication quality tables
\heavyrulewidth=\dimen155
\lightrulewidth=\dimen156
\cmidrulewidth=\dimen157
\belowrulesep=\dimen158
\belowbottomsep=\dimen159
\aboverulesep=\dimen160
\abovetopsep=\dimen161
\cmidrulesep=\dimen162
\cmidrulekern=\dimen163
\defaultaddspace=\dimen164
\@cmidla=\count279
\@cmidlb=\count280
\@aboverulesep=\dimen165
\@belowrulesep=\dimen166
\@thisruleclass=\count281
\@lastruleclass=\count282
\@thisrulewidth=\dimen167
) (/usr/local/texlive/2024/texmf-dist/tex/latex/preprint/authblk.sty
Package: authblk 2001/02/27 1.3 (PWD)
\affilsep=\skip57
\@affilsep=\skip58
\c@Maxaffil=\count283
\c@authors=\count284
\c@affil=\count285
) (/usr/local/texlive/2024/texmf-dist/tex/latex/geometry/geometry.sty
Package: geometry 2020/01/02 v5.9 Page Geometry
 (/usr/local/texlive/2024/texmf-dist/tex/generic/iftex/ifvtex.sty
Package: ifvtex 2019/10/25 v1.7 ifvtex legacy package. Use iftex instead.
)
\Gm@cnth=\count286
\Gm@cntv=\count287
\c@Gm@tempcnt=\count288
\Gm@bindingoffset=\dimen168
\Gm@wd@mp=\dimen169
\Gm@odd@mp=\dimen170
\Gm@even@mp=\dimen171
\Gm@layoutwidth=\dimen172
\Gm@layoutheight=\dimen173
\Gm@layouthoffset=\dimen174
\Gm@layoutvoffset=\dimen175
\Gm@dimlist=\toks25
) (/usr/local/texlive/2024/texmf-dist/tex/latex/caption/caption.sty
Package: caption 2023/08/05 v3.6o Customizing captions (AR)
 (/usr/local/texlive/2024/texmf-dist/tex/latex/caption/caption3.sty
Package: caption3 2023/07/31 v2.4d caption3 kernel (AR)
\caption@tempdima=\dimen176
\captionmargin=\dimen177
\caption@leftmargin=\dimen178
\caption@rightmargin=\dimen179
\caption@width=\dimen180
\caption@indent=\dimen181
\caption@parindent=\dimen182
\caption@hangindent=\dimen183
Package caption Info: Standard document class detected.
)
\c@caption@flags=\count289
\c@continuedfloat=\count290
) (/usr/local/texlive/2024/texmf-dist/tex/latex/hyperref/hyperref.sty
Package: hyperref 2024-01-20 v7.01h Hypertext links for LaTeX
 (/usr/local/texlive/2024/texmf-dist/tex/latex/kvsetkeys/kvsetkeys.sty
Package: kvsetkeys 2022-10-05 v1.19 Key value parser (HO)
) (/usr/local/texlive/2024/texmf-dist/tex/generic/kvdefinekeys/kvdefinekeys.sty
Package: kvdefinekeys 2019-12-19 v1.6 Define keys (HO)
)
(/usr/local/texlive/2024/texmf-dist/tex/generic/pdfescape/pdfescape.sty
Package: pdfescape 2019/12/09 v1.15 Implements pdfTeX's escape features (HO)
 (/usr/local/texlive/2024/texmf-dist/tex/generic/ltxcmds/ltxcmds.sty
Package: ltxcmds 2023-12-04 v1.26 LaTeX kernel commands for general use (HO)
) (/usr/local/texlive/2024/texmf-dist/tex/generic/pdftexcmds/pdftexcmds.sty
Package: pdftexcmds 2020-06-27 v0.33 Utility functions of pdfTeX for LuaTeX (HO)
 (/usr/local/texlive/2024/texmf-dist/tex/generic/infwarerr/infwarerr.sty
Package: infwarerr 2019/12/03 v1.5 Providing info/warning/error messages (HO)
)
Package pdftexcmds Info: \pdf@primitive is available.
Package pdftexcmds Info: \pdf@ifprimitive is available.
Package pdftexcmds Info: \pdfdraftmode found.
)) (/usr/local/texlive/2024/texmf-dist/tex/latex/hycolor/hycolor.sty
Package: hycolor 2020-01-27 v1.10 Color options for hyperref/bookmark (HO)
) (/usr/local/texlive/2024/texmf-dist/tex/latex/auxhook/auxhook.sty
Package: auxhook 2019-12-17 v1.6 Hooks for auxiliary files (HO)
) (/usr/local/texlive/2024/texmf-dist/tex/latex/hyperref/nameref.sty
Package: nameref 2023-11-26 v2.56 Cross-referencing by name of section
 (/usr/local/texlive/2024/texmf-dist/tex/latex/refcount/refcount.sty
Package: refcount 2019/12/15 v3.6 Data extraction from label references (HO)
) (/usr/local/texlive/2024/texmf-dist/tex/generic/gettitlestring/gettitlestring.sty
Package: gettitlestring 2019/12/15 v1.6 Cleanup title references (HO)
 (/usr/local/texlive/2024/texmf-dist/tex/latex/kvoptions/kvoptions.sty
Package: kvoptions 2022-06-15 v3.15 Key value format for package options (HO)
))
\c@section@level=\count291
) (/usr/local/texlive/2024/texmf-dist/tex/latex/etoolbox/etoolbox.sty
Package: etoolbox 2020/10/05 v2.5k e-TeX tools for LaTeX (JAW)
\etb@tempcnta=\count292
)
\@linkdim=\dimen184
\Hy@linkcounter=\count293
\Hy@pagecounter=\count294
 (/usr/local/texlive/2024/texmf-dist/tex/latex/hyperref/pd1enc.def
File: pd1enc.def 2024-01-20 v7.01h Hyperref: PDFDocEncoding definition (HO)
Now handling font encoding PD1 ...
... no UTF-8 mapping file for font encoding PD1
) (/usr/local/texlive/2024/texmf-dist/tex/generic/intcalc/intcalc.sty
Package: intcalc 2019/12/15 v1.3 Expandable calculations with integers (HO)
)
\Hy@SavedSpaceFactor=\count295
 (/usr/local/texlive/2024/texmf-dist/tex/latex/hyperref/puenc.def
File: puenc.def 2024-01-20 v7.01h Hyperref: PDF Unicode definition (HO)
Now handling font encoding PU ...
... no UTF-8 mapping file for font encoding PU
)
Package hyperref Info: Option `colorlinks' set `true' on input line 4062.
Package hyperref Info: Hyper figures OFF on input line 4179.
Package hyperref Info: Link nesting OFF on input line 4184.
Package hyperref Info: Hyper index ON on input line 4187.
Package hyperref Info: Plain pages OFF on input line 4194.
Package hyperref Info: Backreferencing OFF on input line 4199.
Package hyperref Info: Implicit mode ON; LaTeX internals redefined.
Package hyperref Info: Bookmarks ON on input line 4446.
\c@Hy@tempcnt=\count296
 (/usr/local/texlive/2024/texmf-dist/tex/latex/url/url.sty
\Urlmuskip=\muskip17
Package: url 2013/09/16  ver 3.4  Verb mode for urls, etc.
)
LaTeX Info: Redefining \url on input line 4784.
\XeTeXLinkMargin=\dimen185
 (/usr/local/texlive/2024/texmf-dist/tex/generic/bitset/bitset.sty
Package: bitset 2019/12/09 v1.3 Handle bit-vector datatype (HO)
 (/usr/local/texlive/2024/texmf-dist/tex/generic/bigintcalc/bigintcalc.sty
Package: bigintcalc 2019/12/15 v1.5 Expandable calculations on big integers (HO)
))
\Fld@menulength=\count297
\Field@Width=\dimen186
\Fld@charsize=\dimen187
Package hyperref Info: Hyper figures OFF on input line 6063.
Package hyperref Info: Link nesting OFF on input line 6068.
Package hyperref Info: Hyper index ON on input line 6071.
Package hyperref Info: backreferencing OFF on input line 6078.
Package hyperref Info: Link coloring ON on input line 6081.
Package hyperref Info: Link coloring with OCG OFF on input line 6088.
Package hyperref Info: PDF/A mode OFF on input line 6093.
 (/usr/local/texlive/2024/texmf-dist/tex/latex/base/atbegshi-ltx.sty
Package: atbegshi-ltx 2021/01/10 v1.0c Emulation of the original atbegshi
package with kernel methods
)
\Hy@abspage=\count298
\c@Item=\count299
\c@Hfootnote=\count300
)
Package hyperref Info: Driver (autodetected): hpdftex.
 (/usr/local/texlive/2024/texmf-dist/tex/latex/hyperref/hpdftex.def
File: hpdftex.def 2024-01-20 v7.01h Hyperref driver for pdfTeX
 (/usr/local/texlive/2024/texmf-dist/tex/latex/base/atveryend-ltx.sty
Package: atveryend-ltx 2020/08/19 v1.0a Emulation of the original atveryend package
with kernel methods
)
\Fld@listcount=\count301
\c@bookmark@seq@number=\count302
 (/usr/local/texlive/2024/texmf-dist/tex/latex/rerunfilecheck/rerunfilecheck.sty
Package: rerunfilecheck 2022-07-10 v1.10 Rerun checks for auxiliary files (HO)
 (/usr/local/texlive/2024/texmf-dist/tex/generic/uniquecounter/uniquecounter.sty
Package: uniquecounter 2019/12/15 v1.4 Provide unlimited unique counter (HO)
)
Package uniquecounter Info: New unique counter `rerunfilecheck' on input line 285.
)
\Hy@SectionHShift=\skip59
) (/usr/local/texlive/2024/texmf-dist/tex/latex/cite/cite.sty
LaTeX Info: Redefining \cite on input line 302.
LaTeX Info: Redefining \nocite on input line 332.
Package: cite 2015/02/27  v 5.5
LaTeX Info: Redefining \cite on input line 441.
) (/usr/local/texlive/2024/texmf-dist/tex/latex/fancyhdr/fancyhdr.sty
Package: fancyhdr 2022/11/09 v4.1 Extensive control of page headers and footers
\f@nch@headwidth=\skip60
\f@nch@O@elh=\skip61
\f@nch@O@erh=\skip62
\f@nch@O@olh=\skip63
\f@nch@O@orh=\skip64
\f@nch@O@elf=\skip65
\f@nch@O@erf=\skip66
\f@nch@O@olf=\skip67
\f@nch@O@orf=\skip68
) (/usr/local/texlive/2024/texmf-dist/tex/latex/lastpage/lastpage.sty
Package: lastpage 2023/10/14 v2.0e lastpage: 2.09 or 2e? (HMM)
 (/usr/local/texlive/2024/texmf-dist/tex/latex/lastpage/lastpage2e.sty
Package: lastpage2e 2023/10/14 v2.0e Decide which 2e lastpage version to use (HMM)
 (/usr/local/texlive/2024/texmf-dist/tex/latex/lastpage/lastpagemodern.sty
Package: lastpagemodern 2023-10-14 v2.0e Refers to last page's name (HMM; JPG)
\c@lastpagecount=\count303
) 
)) (/usr/local/texlive/2024/texmf-dist/tex/latex/titlesec/titlesec.sty
Package: titlesec 2023/10/27 v2.16 Sectioning titles
\ttl@box=\box53
\beforetitleunit=\skip69
\aftertitleunit=\skip70
\ttl@plus=\dimen188
\ttl@minus=\dimen189
\ttl@toksa=\toks26
\titlewidth=\dimen190
\titlewidthlast=\dimen191
\titlewidthfirst=\dimen192
) (/usr/local/texlive/2024/texmf-dist/tex/latex/titlesec/titletoc.sty
Package: titletoc 2023/10/27 v2.16 TOC entries
\ttl@leftsep=\dimen193
) (/usr/local/texlive/2024/texmf-dist/tex/latex/enumitem/enumitem.sty
Package: enumitem 2019/06/20 v3.9 Customized lists
\labelindent=\skip71
\enit@outerparindent=\dimen194
\enit@toks=\toks27
\enit@inbox=\box54
\enit@count@id=\count304
\enitdp@description=\count305
)
\tocsep=\skip72
 (/usr/local/texlive/2024/texmf-dist/tex/latex/lipsum/lipsum.sty (/usr/local/texlive/2024/texmf-dist/tex/latex/l3packages/l3keys2e/l3keys2e.sty (/usr/local/texlive/2024/texmf-dist/tex/latex/l3kernel/expl3.sty
Package: expl3 2024-02-20 L3 programming layer (loader) 
 (/usr/local/texlive/2024/texmf-dist/tex/latex/l3backend/l3backend-pdftex.def
File: l3backend-pdftex.def 2024-02-20 L3 backend support: PDF output (pdfTeX)
\l__color_backend_stack_int=\count306
\l__pdf_internal_box=\box55
))
Package: l3keys2e 2024-02-18 LaTeX2e option processing using LaTeX3 keys
)
Package: lipsum 2021-09-20 v2.7 150 paragraphs of Lorem Ipsum dummy text
\g__lipsum_par_int=\count307
\l__lipsum_a_int=\count308
\l__lipsum_b_int=\count309
 (/usr/local/texlive/2024/texmf-dist/tex/latex/lipsum/lipsum.ltd.tex))) (./jabbrv.sty
Package: jabbrv 2010/08/18 v0.2 Automatic Journal Title Abbreviation Package
\temp@journal@text=\toks28
\temp@journal@text@=\toks29
\c@jabbrv@strlen@count=\count310
\c@jabbrv@gobble@temp=\count311
\c@jabbrv@loop@i=\count312
\c@jabbrv@loop@max=\count313
\c@jabbrv@word@count=\count314
 (./jabbrv-ltwa-all.ldf) (./jabbrv-ltwa-en.ldf)) (/usr/local/texlive/2024/texmf-dist/tex/latex/microtype/microtype.sty
Package: microtype 2023/03/13 v3.1a Micro-typographical refinements (RS)
\MT@toks=\toks30
\MT@tempbox=\box56
\MT@count=\count315
LaTeX Info: Redefining \noprotrusionifhmode on input line 1059.
LaTeX Info: Redefining \leftprotrusion on input line 1060.
\MT@prot@toks=\toks31
LaTeX Info: Redefining \rightprotrusion on input line 1078.
LaTeX Info: Redefining \textls on input line 1368.
\MT@outer@kern=\dimen195
LaTeX Info: Redefining \textmicrotypecontext on input line 1988.
\MT@listname@count=\count316
 (/usr/local/texlive/2024/texmf-dist/tex/latex/microtype/microtype-pdftex.def
File: microtype-pdftex.def 2023/03/13 v3.1a Definitions specific to pdftex (RS)
LaTeX Info: Redefining \lsstyle on input line 902.
LaTeX Info: Redefining \lslig on input line 902.
\MT@outer@space=\skip73
)
Package microtype Info: Loading configuration file microtype.cfg.
 (/usr/local/texlive/2024/texmf-dist/tex/latex/microtype/microtype.cfg
File: microtype.cfg 2023/03/13 v3.1a microtype main configuration file (RS)
)) (/usr/local/texlive/2024/texmf-dist/tex/latex/base/fontenc.sty
Package: fontenc 2021/04/29 v2.0v Standard LaTeX package
LaTeX Font Info:    Trying to load font information for T1+ptm on input line 112.
 (/usr/local/texlive/2024/texmf-dist/tex/latex/psnfss/t1ptm.fd
File: t1ptm.fd 2001/06/04 font definitions for T1/ptm.
)) (/usr/local/texlive/2024/texmf-dist/tex/latex/tools/tabularx.sty
Package: tabularx 2023/07/08 v2.11c `tabularx' package (DPC)
 (/usr/local/texlive/2024/texmf-dist/tex/latex/tools/array.sty
Package: array 2023/10/16 v2.5g Tabular extension package (FMi)
\col@sep=\dimen196
\ar@mcellbox=\box57
\extrarowheight=\dimen197
\NC@list=\toks32
\extratabsurround=\skip74
\backup@length=\skip75
\ar@cellbox=\box58
)
\TX@col@width=\dimen198
\TX@old@table=\dimen199
\TX@old@col=\dimen256
\TX@target=\dimen257
\TX@delta=\dimen258
\TX@cols=\count317
\TX@ftn=\toks33
) (/usr/local/texlive/2024/texmf-dist/tex/latex/hyphenat/hyphenat.sty
Package: hyphenat 2009/09/02 v2.3c hyphenation utilities
\langwohyphens=\language90
LaTeX Info: Redefining \_ on input line 43.
) (./scientific_reports_submission.aux)
\openout1 = `scientific_reports_submission.aux'.

LaTeX Font Info:    Checking defaults for OML/cmm/m/it on input line 41.
LaTeX Font Info:    ... okay on input line 41.
LaTeX Font Info:    Checking defaults for OMS/cmsy/m/n on input line 41.
LaTeX Font Info:    ... okay on input line 41.
LaTeX Font Info:    Checking defaults for OT1/cmr/m/n on input line 41.
LaTeX Font Info:    ... okay on input line 41.
LaTeX Font Info:    Checking defaults for T1/cmr/m/n on input line 41.
LaTeX Font Info:    ... okay on input line 41.
LaTeX Font Info:    Checking defaults for TS1/cmr/m/n on input line 41.
LaTeX Font Info:    ... okay on input line 41.
LaTeX Font Info:    Checking defaults for OMX/cmex/m/n on input line 41.
LaTeX Font Info:    ... okay on input line 41.
LaTeX Font Info:    Checking defaults for U/cmr/m/n on input line 41.
LaTeX Font Info:    ... okay on input line 41.
LaTeX Font Info:    Checking defaults for PD1/pdf/m/n on input line 41.
LaTeX Font Info:    ... okay on input line 41.
LaTeX Font Info:    Checking defaults for PU/pdf/m/n on input line 41.
LaTeX Font Info:    ... okay on input line 41.
 (/usr/local/texlive/2024/texmf-dist/tex/context/base/mkii/supp-pdf.mkii
[Loading MPS to PDF converter (version 2006.09.02).]
\scratchcounter=\count318
\scratchdimen=\dimen259
\scratchbox=\box59
\nofMPsegments=\count319
\nofMParguments=\count320
\everyMPshowfont=\toks34
\MPscratchCnt=\count321
\MPscratchDim=\dimen260
\MPnumerator=\count322
\makeMPintoPDFobject=\count323
\everyMPtoPDFconversion=\toks35
) (/usr/local/texlive/2024/texmf-dist/tex/latex/epstopdf-pkg/epstopdf-base.sty
Package: epstopdf-base 2020-01-24 v2.11 Base part for package epstopdf
 (/usr/local/texlive/2024/texmf-dist/tex/latex/grfext/grfext.sty
Package: grfext 2019/12/03 v1.3 Manage graphics extensions (HO)
)
Package epstopdf-base Info: Redefining graphics rule for `.eps' on input line 485.
Package grfext Info: Graphics extension search list:
(grfext)             [.pdf,.png,.jpg,.mps,.jpeg,.jbig2,.jb2,.PDF,.PNG,.JPG,.JPEG,.JBIG2,.JB2,.eps]
(grfext)             \AppendGraphicsExtensions on input line 504.
 (/usr/local/texlive/2024/texmf-dist/tex/latex/latexconfig/epstopdf-sys.cfg
File: epstopdf-sys.cfg 2010/07/13 v1.3 Configuration of (r)epstopdf for TeX Live
))
*geometry* driver: auto-detecting
*geometry* detected driver: pdftex
*geometry* verbose mode - [ preamble ] result:
* driver: pdftex
* paper: letterpaper
* layout: <same size as paper>
* layoutoffset:(h,v)=(0.0pt,0.0pt)
* modes: 
* h-part:(L,W,R)=(56.9055pt, 500.484pt, 56.9055pt)
* v-part:(T,H,B)=(64.01869pt, 666.9326pt, 64.01869pt)
* \paperwidth=614.295pt
* \paperheight=794.96999pt
* \textwidth=500.484pt
* \textheight=666.9326pt
* \oddsidemargin=-15.36449pt
* \evensidemargin=-15.36449pt
* \topmargin=-45.2513pt
* \headheight=12.0pt
* \headsep=25.0pt
* \topskip=10.0pt
* \footskip=30.0pt
* \marginparwidth=65.0pt
* \marginparsep=11.0pt
* \columnsep=15.6491pt
* \skip\footins=9.0pt plus 4.0pt minus 2.0pt
* \hoffset=0.0pt
* \voffset=0.0pt
* \mag=1000
* \@twocolumnfalse
* \@twosidefalse
* \@mparswitchfalse
* \@reversemarginfalse
* (1in=72.27pt=25.4mm, 1cm=28.453pt)

Package caption Info: Begin \AtBeginDocument code.
Package caption Info: hyperref package is loaded.
Package caption Info: End \AtBeginDocument code.
Package hyperref Info: Link coloring ON on input line 41.
\@outlinefile=\write3
\openout3 = `scientific_reports_submission.out'.

LaTeX Info: Redefining \microtypecontext on input line 41.
Package microtype Info: Applying patch `item' on input line 41.
Package microtype Info: Applying patch `toc' on input line 41.
Package microtype Info: Applying patch `eqnum' on input line 41.
Package microtype Info: Applying patch `footnote' on input line 41.
Package microtype Info: Applying patch `verbatim' on input line 41.
Package microtype Info: Generating PDF output.
Package microtype Info: Character protrusion enabled (level 2).
Package microtype Info: Using default protrusion set `alltext'.
Package microtype Info: Automatic font expansion enabled (level 2),
(microtype)             stretch: 20, shrink: 20, step: 1, non-selected.
Package microtype Info: Using default expansion set `alltext-nott'.
LaTeX Info: Redefining \showhyphens on input line 41.
Package microtype Info: No adjustment of tracking.
Package microtype Info: No adjustment of interword spacing.
Package microtype Info: No adjustment of character kerning.
(/usr/local/texlive/2024/texmf-dist/tex/latex/microtype/mt-ptm.cfg
File: mt-ptm.cfg 2006/04/20 v1.7 microtype config. file: Times (RS)
)
LaTeX Font Info:    Trying to load font information for T1+phv on input line 45.
 (/usr/local/texlive/2024/texmf-dist/tex/latex/psnfss/t1phv.fd
File: t1phv.fd 2020/03/25 scalable font definitions for T1/phv.
)
Package microtype Info: Loading generic protrusion settings for font family
(microtype)             `phv' (encoding: T1).
(microtype)             For optimal results, create family-specific settings.
(microtype)             See the microtype manual for details.
LaTeX Font Info:    Trying to load font information for OT1+phv on input line 45.
 (/usr/local/texlive/2024/texmf-dist/tex/latex/psnfss/ot1phv.fd
File: ot1phv.fd 2020/03/25 scalable font definitions for OT1/phv.
)
Package microtype Info: Loading generic protrusion settings for font family
(microtype)             `phv' (encoding: OT1).
(microtype)             For optimal results, create family-specific settings.
(microtype)             See the microtype manual for details.
LaTeX Font Info:    Trying to load font information for OT1+ztmcm on input line 45.
 (/usr/local/texlive/2024/texmf-dist/tex/latex/psnfss/ot1ztmcm.fd
File: ot1ztmcm.fd 2000/01/03 Fontinst v1.801 font definitions for OT1/ztmcm.
)
Package microtype Info: Loading generic protrusion settings for font family
(microtype)             `ztmcm' (encoding: OT1).
(microtype)             For optimal results, create family-specific settings.
(microtype)             See the microtype manual for details.
LaTeX Font Info:    Trying to load font information for OML+ztmcm on input line 45.
 (/usr/local/texlive/2024/texmf-dist/tex/latex/psnfss/omlztmcm.fd
File: omlztmcm.fd 2000/01/03 Fontinst v1.801 font definitions for OML/ztmcm.
)
LaTeX Font Info:    Trying to load font information for OMS+ztmcm on input line 45.
 (/usr/local/texlive/2024/texmf-dist/tex/latex/psnfss/omsztmcm.fd
File: omsztmcm.fd 2000/01/03 Fontinst v1.801 font definitions for OMS/ztmcm.
)
LaTeX Font Info:    Trying to load font information for OMX+ztmcm on input line 45.
 (/usr/local/texlive/2024/texmf-dist/tex/latex/psnfss/omxztmcm.fd
File: omxztmcm.fd 2000/01/03 Fontinst v1.801 font definitions for OMX/ztmcm.
) (/usr/local/texlive/2024/texmf-dist/tex/latex/microtype/mt-msa.cfg
File: mt-msa.cfg 2006/02/04 v1.1 microtype config. file: AMS symbols (a) (RS)
) (/usr/local/texlive/2024/texmf-dist/tex/latex/microtype/mt-msb.cfg
File: mt-msb.cfg 2005/06/01 v1.0 microtype config. file: AMS symbols (b) (RS)
)
LaTeX Font Info:    Trying to load font information for OT1+ptm on input line 45.
 (/usr/local/texlive/2024/texmf-dist/tex/latex/psnfss/ot1ptm.fd
File: ot1ptm.fd 2001/06/04 font definitions for OT1/ptm.
)
LaTeX Font Info:    Font shape `OT1/ptm/bx/n' in size <12> not available
(Font)              Font shape `OT1/ptm/b/n' tried instead on input line 45.
LaTeX Font Info:    Font shape `OT1/ptm/bx/n' in size <9> not available
(Font)              Font shape `OT1/ptm/b/n' tried instead on input line 45.
LaTeX Font Info:    Font shape `OT1/ptm/bx/n' in size <7> not available
(Font)              Font shape `OT1/ptm/b/n' tried instead on input line 45.
LaTeX Font Info:    Font shape `OT1/ptm/bx/n' in size <10> not available
(Font)              Font shape `OT1/ptm/b/n' tried instead on input line 45.
LaTeX Font Info:    Font shape `OT1/ptm/bx/n' in size <7.4> not available
(Font)              Font shape `OT1/ptm/b/n' tried instead on input line 45.
LaTeX Font Info:    Font shape `OT1/ptm/bx/n' in size <6> not available
(Font)              Font shape `OT1/ptm/b/n' tried instead on input line 45.
 (../sections/abstract.tex
LaTeX Font Info:    Trying to load font information for T1+pcr on input line 1.
 (/usr/local/texlive/2024/texmf-dist/tex/latex/psnfss/t1pcr.fd
File: t1pcr.fd 2001/06/04 font definitions for T1/pcr.
)
Package microtype Info: Loading generic protrusion settings for font family
(microtype)             `pcr' (encoding: T1).
(microtype)             For optimal results, create family-specific settings.
(microtype)             See the microtype manual for details.
LaTeX Font Info:    Font shape `OT1/ptm/bx/n' in size <5> not available
(Font)              Font shape `OT1/ptm/b/n' tried instead on input line 3.
) (../sections/introduction.tex

LaTeX Warning: Citation `milev2016_canadian' on page 1 undefined on input line 1.


LaTeX Warning: Citation `Mutz2018' on page 1 undefined on input line 1.


LaTeX Warning: Citation `razza2020systematic' on page 1 undefined on input line 1.


LaTeX Warning: Citation `boggio2007_randomized' on page 1 undefined on input line 1.


LaTeX Warning: Citation `Brunoni2016' on page 1 undefined on input line 1.


LaTeX Warning: Citation `thair2017_transcranial' on page 1 undefined on input line 1.


LaTeX Warning: Citation `cramer2011_harnessing' on page 1 undefined on input line 1.


LaTeX Warning: Citation `woodham2025home' on page 1 undefined on input line 1.


LaTeX Warning: Citation `Rimmer2024' on page 1 undefined on input line 1.


LaTeX Warning: Citation `Casson2010' on page 1 undefined on input line 3.


LaTeX Warning: Citation `Miranda2019' on page 1 undefined on input line 3.


LaTeX Warning: Citation `simmatis2023_technical' on page 1 undefined on input line 3.


LaTeX Warning: Citation `Siuly2017' on page 1 undefined on input line 3.


LaTeX Warning: Citation `stoyell2021high' on page 1 undefined on input line 3.


LaTeX Warning: Citation `babiloni2012_guidelines' on page 1 undefined on input line 3.


LaTeX Warning: Citation `olbrich2013_eeg' on page 1 undefined on input line 5.


LaTeX Warning: Citation `olbrich2015_personalized' on page 1 undefined on input line 5.


LaTeX Warning: Citation `leuchter2010_biomarkers' on page 1 undefined on input line 5.


LaTeX Warning: Citation `Fu2013' on page 1 undefined on input line 5.


LaTeX Warning: Citation `Fu2019' on page 1 undefined on input line 5.


LaTeX Warning: Citation `Widge2019' on page 1 undefined on input line 5.


LaTeX Warning: Citation `watts2022predicting' on page 1 undefined on input line 5.


LaTeX Warning: Citation `cohen2023electroencephalography' on page 1 undefined on input line 5.


LaTeX Warning: Citation `simmatis2023_technical' on page 1 undefined on input line 5.


LaTeX Warning: Citation `AlKaysi2017' on page 1 undefined on input line 5.


LaTeX Warning: Citation `jaworska2019_leveraging' on page 1 undefined on input line 5.


LaTeX Warning: Citation `oakley2022_eeg' on page 1 undefined on input line 5.


LaTeX Warning: Citation `shalbaf2018_nonlinear' on page 1 undefined on input line 5.


LaTeX Warning: Citation `ebrahimzadeh2021_predicting' on page 1 undefined on input line 5.


LaTeX Warning: Citation `zhdanov_svm_prediction' on page 1 undefined on input line 5.


LaTeX Warning: Citation `Puthankattil2012' on page 1 undefined on input line 5.


LaTeX Warning: Citation `Ghiasi2021' on page 1 undefined on input line 5.


LaTeX Warning: Citation `Zhao2022' on page 1 undefined on input line 5.


LaTeX Warning: Citation `Shim2021' on page 1 undefined on input line 5.


LaTeX Warning: Citation `Shen2025' on page 1 undefined on input line 5.

[1

{/usr/local/texlive/2024/texmf-var/fonts/map/pdftex/updmap/pdftex.map}{/usr/local/texlive/2024/texmf-dist/fonts/enc/dvips/base/8r.enc}]

LaTeX Warning: Citation `Widge2019' on page 2 undefined on input line 7.


LaTeX Warning: Citation `Shim2021' on page 2 undefined on input line 7.


LaTeX Warning: Citation `Shen2025' on page 2 undefined on input line 7.


LaTeX Warning: Citation `funk2008_prefrontal' on page 2 undefined on input line 7.


LaTeX Warning: Citation `bailey2023_concurrent' on page 2 undefined on input line 7.


LaTeX Warning: Citation `murphy2023_neural' on page 2 undefined on input line 7.


LaTeX Warning: Citation `guo2024_restingstate' on page 2 undefined on input line 7.


LaTeX Warning: Citation `tsai2023_review' on page 2 undefined on input line 7.


LaTeX Warning: Citation `Dagnino2023' on page 2 undefined on input line 7.


LaTeX Warning: Citation `sheen2024_response' on page 2 undefined on input line 7.


LaTeX Warning: Citation `zeidabadi2025_prediction' on page 2 undefined on input line 7.


LaTeX Warning: Citation `reissmann2026_thetacordance' on page 2 undefined on input line 7.


LaTeX Warning: Citation `ulrich2025_alterations' on page 2 undefined on input line 7.


LaTeX Warning: Citation `Moncy2024' on page 2 undefined on input line 7.


LaTeX Warning: Citation `Xiao2025PMIP' on page 2 undefined on input line 7.

) (../sections/methods.tex

LaTeX Warning: Citation `woodham2025home' on page 2 undefined on input line 3.


LaTeX Warning: Reference `tab:cohort-summary' on page 2 undefined on input line 3.

<../FuseHeadset.jpg, id=17, 1080.07515pt x 585.74835pt>
File: ../FuseHeadset.jpg Graphic file (type jpg)
<use ../FuseHeadset.jpg>
Package pdftex.def Info: ../FuseHeadset.jpg  used on input line 7.
(pdftex.def)             Requested size: 460.44435pt x 249.70393pt.

LaTeX Warning: Citation `Maula31122024' on page 2 undefined on input line 8.


LaTeX Warning: Citation `Maula31122024' on page 2 undefined on input line 8.


LaTeX Warning: Citation `woodham2025home' on page 2 undefined on input line 14.


LaTeX Warning: Citation `woodham2025home' on page 2 undefined on input line 14.

(../tables/cohort_summary.tex

LaTeX Warning: Citation `woodham2025home' on page 2 undefined on input line 7.

)

LaTeX Warning: Reference `fig:montage-setup' on page 2 undefined on input line 20.


LaTeX Warning: Citation `Casson2010' on page 2 undefined on input line 20.


LaTeX Warning: Citation `stoyell2021high' on page 2 undefined on input line 20.


LaTeX Warning: Citation `Siuly2017' on page 2 undefined on input line 22.


LaTeX Warning: Citation `Miranda2019' on page 2 undefined on input line 22.


LaTeX Warning: Citation `Mahato2020' on page 2 undefined on input line 22.


LaTeX Warning: Citation `babiloni2012_guidelines' on page 2 undefined on input line 22.


LaTeX Warning: Citation `simmatis2023_technical' on page 2 undefined on input line 22.


LaTeX Warning: Citation `Zhang2023EEGMethods' on page 2 undefined on input line 26.


LaTeX Warning: Citation `Shen2025' on page 2 undefined on input line 26.


LaTeX Warning: Reference `tab:feature-summary' on page 2 undefined on input line 26.


LaTeX Warning: Citation `Welch1967' on page 2 undefined on input line 28.


LaTeX Warning: Citation `olbrich2013_eeg' on page 2 undefined on input line 28.


LaTeX Warning: Citation `Mumtaz2017' on page 2 undefined on input line 28.


LaTeX Warning: Citation `Mahato2020' on page 2 undefined on input line 28.


LaTeX Warning: Citation `Jaworska2018' on page 2 undefined on input line 28.


LaTeX Warning: Reference `LastPage' on page 2 undefined on input line 29.

[2]

LaTeX Warning: Reference `LastPage' on page 3 undefined on input line 29.

[3 <../FuseHeadset.jpg>] (../tables/feature_extraction_summary.tex)

LaTeX Warning: Citation `Hjorth1970' on page 4 undefined on input line 38.


LaTeX Warning: Citation `Zhang2023EEGMethods' on page 4 undefined on input line 38.


LaTeX Warning: Citation `Puthankattil2012' on page 4 undefined on input line 40.


LaTeX Warning: Citation `Faust2014' on page 4 undefined on input line 40.


LaTeX Warning: Citation `Acharya2015' on page 4 undefined on input line 40.


LaTeX Warning: Citation `Jaworska2018' on page 4 undefined on input line 40.


LaTeX Warning: Citation `Zhao2022' on page 4 undefined on input line 40.


LaTeX Warning: Citation `Lord2023' on page 4 undefined on input line 40.


LaTeX Warning: Citation `Mahato2020' on page 4 undefined on input line 50.


LaTeX Warning: Citation `Ghiasi2021' on page 4 undefined on input line 50.


LaTeX Warning: Citation `Monni2022' on page 4 undefined on input line 50.


LaTeX Warning: Reference `LastPage' on page 4 undefined on input line 51.

[4]

LaTeX Warning: Citation `Ghiasi2021' on page 5 undefined on input line 52.


LaTeX Warning: Citation `Zhao2022' on page 5 undefined on input line 52.


LaTeX Warning: Citation `ulrich2025_alterations' on page 5 undefined on input line 52.


LaTeX Warning: Citation `Mumtaz2017' on page 5 undefined on input line 54.


LaTeX Warning: Citation `Mahato2020' on page 5 undefined on input line 54.


LaTeX Warning: Citation `Chawla2002' on page 5 undefined on input line 58.


LaTeX Warning: Citation `Shim2021' on page 5 undefined on input line 60.

<../figures/figure0_processing_pipeline.png, id=37, 910.602pt x 487.3407pt>
File: ../figures/figure0_processing_pipeline.png Graphic file (type png)
<use ../figures/figure0_processing_pipeline.png>
Package pdftex.def Info: ../figures/figure0_processing_pipeline.png  used on input line 64.
(pdftex.def)             Requested size: 500.484pt x 267.85231pt.

LaTeX Warning: Reference `tab:model-summary' on page 5 undefined on input line 71.


LaTeX Warning: Reference `LastPage' on page 5 undefined on input line 72.

[5 <../figures/figure0_processing_pipeline.png>] (../tables/model_configuration_summary.tex)

LaTeX Warning: Citation `olbrich2013_eeg' on page 6 undefined on input line 93.


LaTeX Warning: Citation `olbrich2015_personalized' on page 6 undefined on input line 93.


LaTeX Warning: Citation `simmatis2023_technical' on page 6 undefined on input line 93.

) (../sections/results.tex

LaTeX Warning: Reference `fig:sweep-window-roc' on page 6 undefined on input line 3.


LaTeX Warning: Reference `fig:sweep-innerk-roc' on page 6 undefined on input line 3.


LaTeX Warning: Reference `LastPage' on page 6 undefined on input line 4.

[6]
<../figures/sweep_window_roc_auc.png, id=53, 474.8139pt x 350.5095pt>
File: ../figures/sweep_window_roc_auc.png Graphic file (type png)
<use ../figures/sweep_window_roc_auc.png>
Package pdftex.def Info: ../figures/sweep_window_roc_auc.png  used on input line 7.
(pdftex.def)             Requested size: 470.45616pt x 347.28894pt.


LaTeX Warning: Reference `fig:sweep-innerk-roc' on page 7 undefined on input line 12.

<../figures/sweep_inner_k_roc_auc.png, id=54, 474.8139pt x 350.5095pt>
File: ../figures/sweep_inner_k_roc_auc.png Graphic file (type png)
<use ../figures/sweep_inner_k_roc_auc.png>
Package pdftex.def Info: ../figures/sweep_inner_k_roc_auc.png  used on input line 16.
(pdftex.def)             Requested size: 470.45616pt x 347.28894pt.

LaTeX Warning: Reference `fig:sweep-jaccard' on page 7 undefined on input line 21.


LaTeX Warning: Reference `fig:sweep-unique-features' on page 7 undefined on input line 21.

<../figures/sweep_jaccard_inner_k.png, id=55, 474.8139pt x 350.5095pt>
File: ../figures/sweep_jaccard_inner_k.png Graphic file (type png)
<use ../figures/sweep_jaccard_inner_k.png>
Package pdftex.def Info: ../figures/sweep_jaccard_inner_k.png  used on input line 25.
(pdftex.def)             Requested size: 470.45616pt x 347.28894pt.
<../figures/sweep_unique_features_inner_k.png, id=56, 478.1865pt x 350.5095pt>
File: ../figures/sweep_unique_features_inner_k.png Graphic file (type png)
<use ../figures/sweep_unique_features_inner_k.png>
Package pdftex.def Info: ../figures/sweep_unique_features_inner_k.png  used on input line 32.
(pdftex.def)             Requested size: 470.45616pt x 344.8608pt.

LaTeX Warning: Reference `fig:main-roc' on page 7 undefined on input line 39.


LaTeX Warning: Reference `tab:best-run-comparison' on page 7 undefined on input line 39.

<../figures/main_patient_roc_curve.png, id=57, 513.117pt x 397.0032pt>
File: ../figures/main_patient_roc_curve.png Graphic file (type png)
<use ../figures/main_patient_roc_curve.png>
Package pdftex.def Info: ../figures/main_patient_roc_curve.png  used on input line 43.
(pdftex.def)             Requested size: 470.45616pt x 364.01158pt.

LaTeX Warning: Reference `LastPage' on page 7 undefined on input line 46.

[7 <../figures/sweep_window_roc_auc.png>]

LaTeX Warning: Reference `LastPage' on page 8 undefined on input line 46.

[8 <../figures/sweep_inner_k_roc_auc.png>]

LaTeX Warning: Reference `LastPage' on page 9 undefined on input line 46.

[9 <../figures/sweep_jaccard_inner_k.png>]

LaTeX Warning: Reference `LastPage' on page 10 undefined on input line 46.

[10 <../figures/sweep_unique_features_inner_k.png>]

LaTeX Warning: Reference `fig:main-metrics' on page 11 undefined on input line 48.

<../figures/main_patient_metric_summary.png, id=85, 585.6279pt x 411.2163pt>
File: ../figures/main_patient_metric_summary.png Graphic file (type png)
<use ../figures/main_patient_metric_summary.png>
Package pdftex.def Info: ../figures/main_patient_metric_summary.png  used on input line 54.
(pdftex.def)             Requested size: 470.45616pt x 330.34135pt.
(../tables/best_run_comparison.tex)

LaTeX Warning: Reference `tab:hybrid-biomarkers' on page 11 undefined on input line 68.


LaTeX Warning: Reference `fig:biomarker-frequency' on page 11 undefined on input line 68.


Underfull \hbox (badness 2951) in paragraph at lines 70--71
\T1/ptm/m/n/10 (+20) by tem-po-ral and frontal-temporal de-scrip-tors. The most re-cur-rent fea-ture was \T1/pcr/m/n/10 tp10_-spectral_-entropy\T1/ptm/m/n/10 (+20) ,
 []


Underfull \hbox (badness 1122) in paragraph at lines 70--71
\T1/ptm/m/n/10 (+20) se-lected in 8 of 21 folds. The next most re-cur-rent fea-tures were \T1/pcr/m/n/10 left_-frontal_-temporal_-diff_-gamma\T1/ptm/m/n/10 (+20) ,
 []


LaTeX Warning: Reference `LastPage' on page 11 undefined on input line 71.

[11 <../figures/main_patient_roc_curve.png>]

LaTeX Warning: Reference `LastPage' on page 12 undefined on input line 71.

[12 <../figures/main_patient_metric_summary.png>]
<../figures/biomarker_selection_frequency.png, id=100, 685.3605pt x 382.5492pt>
File: ../figures/biomarker_selection_frequency.png Graphic file (type png)
<use ../figures/biomarker_selection_frequency.png>
Package pdftex.def Info: ../figures/biomarker_selection_frequency.png  used on input line 74.
(pdftex.def)             Requested size: 470.45616pt x 262.59915pt.
 (../tables/hybrid_recurrent_biomarkers.tex)

LaTeX Warning: Reference `fig:biomarker-class-conditional' on page 13 undefined on input line 90.

<../figures/figure6_class_conditional_selection.png, id=101, 728.7225pt x 397.0032pt>
File: ../figures/figure6_class_conditional_selection.png Graphic file (type png)
<use ../figures/figure6_class_conditional_selection.png>
Package pdftex.def Info: ../figures/figure6_class_conditional_selection.png  used on input line 94.
(pdftex.def)             Requested size: 470.45616pt x 256.29832pt.

LaTeX Warning: Reference `fig:biomarker-effect-size' on page 13 undefined on input line 99.

<../figures/figure7_effect_size.png, id=102, 728.9634pt x 397.0032pt>
File: ../figures/figure7_effect_size.png Graphic file (type png)
<use ../figures/figure7_effect_size.png>
Package pdftex.def Info: ../figures/figure7_effect_size.png  used on input line 103.
(pdftex.def)             Requested size: 470.45616pt x 256.21957pt.

LaTeX Warning: Reference `LastPage' on page 13 undefined on input line 106.

[13 <../figures/biomarker_selection_frequency.png>]) (../sections/discussion.tex

LaTeX Warning: Reference `fig:sweep-innerk-roc' on page 14 undefined on input line 1.


LaTeX Warning: Citation `olbrich2013_eeg' on page 14 undefined on input line 5.


LaTeX Warning: Citation `olbrich2015_personalized' on page 14 undefined on input line 5.


LaTeX Warning: Citation `leuchter2010_biomarkers' on page 14 undefined on input line 5.


LaTeX Warning: Citation `simmatis2023_technical' on page 14 undefined on input line 5.


LaTeX Warning: Citation `alonso2017_standardization' on page 14 undefined on input line 5.


LaTeX Warning: Citation `Fu2019' on page 14 undefined on input line 5.


LaTeX Warning: Citation `AlKaysi2017' on page 14 undefined on input line 5.


LaTeX Warning: Citation `jaworska2019_leveraging' on page 14 undefined on input line 5.


LaTeX Warning: Citation `oakley2022_eeg' on page 14 undefined on input line 5.


LaTeX Warning: Citation `shalbaf2018_nonlinear' on page 14 undefined on input line 5.


LaTeX Warning: Citation `ebrahimzadeh2021_predicting' on page 14 undefined on input line 5.


LaTeX Warning: Citation `zhdanov_svm_prediction' on page 14 undefined on input line 5.


LaTeX Warning: Citation `watts2022predicting' on page 14 undefined on input line 5.


LaTeX Warning: Citation `cohen2023electroencephalography' on page 14 undefined on input line 5.


LaTeX Warning: Reference `fig:sweep-jaccard' on page 14 undefined on input line 7.


LaTeX Warning: Reference `fig:sweep-unique-features' on page 14 undefined on input line 7.


LaTeX Warning: Citation `Widge2019' on page 14 undefined on input line 7.


LaTeX Warning: Citation `Shim2021' on page 14 undefined on input line 7.


LaTeX Warning: Citation `Shen2025' on page 14 undefined on input line 7.


LaTeX Warning: Reference `LastPage' on page 14 undefined on input line 8.

[14 <../figures/figure6_class_conditional_selection.png>]

LaTeX Warning: Citation `Moncy2024' on page 15 undefined on input line 9.


LaTeX Warning: Citation `Xiao2025PMIP' on page 15 undefined on input line 9.


LaTeX Warning: Citation `Puthankattil2012' on page 15 undefined on input line 11.


LaTeX Warning: Citation `Faust2014' on page 15 undefined on input line 11.


LaTeX Warning: Citation `Acharya2015' on page 15 undefined on input line 11.


LaTeX Warning: Citation `Jaworska2018' on page 15 undefined on input line 11.


LaTeX Warning: Citation `Lord2023' on page 15 undefined on input line 11.


LaTeX Warning: Citation `Mahato2020' on page 15 undefined on input line 13.


LaTeX Warning: Citation `Mumtaz2017' on page 15 undefined on input line 13.


LaTeX Warning: Citation `Moncy2025BD' on page 15 undefined on input line 15.


LaTeX Warning: Citation `Monni2022' on page 15 undefined on input line 15.


LaTeX Warning: Citation `Lord2023' on page 15 undefined on input line 15.


LaTeX Warning: Citation `Moncy2025BD' on page 15 undefined on input line 17.


LaTeX Warning: Citation `Xiao2025JAD' on page 15 undefined on input line 17.


LaTeX Warning: Reference `LastPage' on page 15 undefined on input line 18.

[15 <../figures/figure7_effect_size.png>]

LaTeX Warning: Citation `Dagnino2023' on page 16 undefined on input line 21.


LaTeX Warning: Citation `funk2008_prefrontal' on page 16 undefined on input line 21.


LaTeX Warning: Citation `bailey2023_concurrent' on page 16 undefined on input line 21.


LaTeX Warning: Citation `guo2024_restingstate' on page 16 undefined on input line 21.


LaTeX Warning: Citation `romeromarn2026_remotely' on page 16 undefined on input line 21.


LaTeX Warning: Citation `kratter2026_stanford' on page 16 undefined on input line 21.


LaTeX Warning: Citation `waller2026_transient' on page 16 undefined on input line 21.


LaTeX Warning: Citation `sheen2024_response' on page 16 undefined on input line 21.


LaTeX Warning: Citation `zeidabadi2025_prediction' on page 16 undefined on input line 21.


LaTeX Warning: Citation `reissmann2026_thetacordance' on page 16 undefined on input line 21.


LaTeX Warning: Citation `ulrich2025_alterations' on page 16 undefined on input line 21.


LaTeX Warning: Citation `pettorruso2024_overcoming' on page 16 undefined on input line 21.

) (../sections/conclusion.tex) (./scientific_reports_submission.bbl

LaTeX Warning: Reference `LastPage' on page 16 undefined on input line 74.

[16]
! Extra }, or forgotten \endgroup.
<recently read> }
                 
l.83 \newblock }
                }} \doiprefix\url{10.1159/000343478} (\bibinfo{year}{2012}).
I've deleted a group-closing symbol because it seems to be
spurious, as in `$x}$'. But perhaps the } is legitimate and
you forgot something else, as in `\hbox{$x}'. In such cases
the way to recover is to insert both the forgotten and the
deleted material, e.g., by typing `I$}'.

! Extra }, or forgotten \endgroup.
l.83 \newblock }}
                 } \doiprefix\url{10.1159/000343478} (\bibinfo{year}{2012}).
I've deleted a group-closing symbol because it seems to be
spurious, as in `$x}$'. But perhaps the } is legitimate and
you forgot something else, as in `\hbox{$x}'. In such cases
the way to recover is to insert both the forgotten and the
deleted material, e.g., by typing `I$}'.

! Extra }, or forgotten \endgroup.
l.83 \newblock }}}
                   \doiprefix\url{10.1159/000343478} (\bibinfo{year}{2012}).
I've deleted a group-closing symbol because it seems to be
spurious, as in `$x}$'. But perhaps the } is legitimate and
you forgot something else, as in `\hbox{$x}'. In such cases
the way to recover is to insert both the forgotten and the
deleted material, e.g., by typing `I$}'.


LaTeX Warning: Reference `LastPage' on page 17 undefined on input line 190.

[17]

LaTeX Warning: Reference `LastPage' on page 18 undefined on input line 291.

[18]) (../sections/acknowledgements.tex) (../sections/scirep_author_contributions.tex) (../sections/scirep_additional_information.tex)

LaTeX Warning: Reference `LastPage' on page 19 undefined on input line 73.

[19] 
enddocument/afterlastpage: lastpage setting LastPage.
(./scientific_reports_submission.aux)
 ***********
LaTeX2e <2023-11-01> patch level 1
L3 programming layer <2024-02-20>
 ***********


LaTeX Warning: There were undefined references.


LaTeX Warning: Label(s) may have changed. Rerun to get cross-references right.


Package rerunfilecheck Warning: File `scientific_reports_submission.out' has changed.
(rerunfilecheck)                Rerun to get outlines right
(rerunfilecheck)                or use package `bookmark'.

Package rerunfilecheck Info: Checksums for `scientific_reports_submission.out':
(rerunfilecheck)             Before: <no file>
(rerunfilecheck)             After:  73F7008AE2C1A95173A618264BE8690F;1998.

Package lastpage Warning: Rerun to get the references right on input line 73.

 ) 
Here is how much of TeX's memory you used:
 25242 strings out of 474116
 485394 string characters out of 5743681
 1947187 words of memory out of 5000000
 46668 multiletter control sequences out of 15000+600000
 662532 words of font info for 439 fonts, out of 8000000 for 9000
 1141 hyphenation exceptions out of 8191
 94i,15n,107p,1789b,617s stack positions out of 10000i,1000n,20000p,200000b,200000s
</usr/local/texlive/2024/texmf-dist/fonts/type1/public/amsfonts/cm/cmex10.pfb></usr/local/texlive/2024/texmf-dist/fonts/type1/public/amsfonts/cm/cmmi10.pfb></usr/local/texlive/2024/texmf-dist/fonts/type1/public/amsfonts/cm/cmr10.pfb></usr/local/texlive/2024/texmf-dist/fonts/type1/public/amsfonts/cm/cmsy10.pfb></usr/local/texlive/2024/texmf-dist/fonts/type1/urw/courier/ucrr8a.pfb></usr/local/texlive/2024/texmf-dist/fonts/type1/urw/helvetic/uhvb8a.pfb></usr/local/texlive/2024/texmf-dist/fonts/type1/urw/helvetic/uhvr8a.pfb></usr/local/texlive/2024/texmf-dist/fonts/type1/urw/symbol/usyr.pfb></usr/local/texlive/2024/texmf-dist/fonts/type1/urw/times/utmb8a.pfb></usr/local/texlive/2024/texmf-dist/fonts/type1/urw/times/utmr8a.pfb></usr/local/texlive/2024/texmf-dist/fonts/type1/urw/times/utmri8a.pfb>
Output written on scientific_reports_submission.pdf (19 pages, 2125764 bytes).
PDF statistics:
 330 PDF objects out of 1000 (max. 8388607)
 263 compressed objects within 3 object streams
 110 named destinations out of 1000 (max. 500000)
 114232 words of extra memory for PDF output out of 128383 (max. 10000000)

