This is pdfTeX, Version 3.141592653-2.6-1.40.26 (TeX Live 2024) (preloaded format=pdflatex 2024.10.26)  18 JUN 2026 11:01
entering extended mode
 restricted \write18 enabled.
 %&-line parsing enabled.
**main.tex
(./main.tex
LaTeX2e <2023-11-01> patch level 1
L3 programming layer <2024-02-20>
(/usr/local/texlive/2024/texmf-dist/tex/latex/base/article.cls
Document Class: article 2023/05/17 v1.4n Standard LaTeX document class
(/usr/local/texlive/2024/texmf-dist/tex/latex/base/size11.clo
File: size11.clo 2023/05/17 v1.4n Standard LaTeX file (size option)
)
\c@part=\count188
\c@section=\count189
\c@subsection=\count190
\c@subsubsection=\count191
\c@paragraph=\count192
\c@subparagraph=\count193
\c@figure=\count194
\c@table=\count195
\abovecaptionskip=\skip48
\belowcaptionskip=\skip49
\bibindent=\dimen140
) (/usr/local/texlive/2024/texmf-dist/tex/latex/geometry/geometry.sty
Package: geometry 2020/01/02 v5.9 Page Geometry
 (/usr/local/texlive/2024/texmf-dist/tex/latex/graphics/keyval.sty
Package: keyval 2022/05/29 v1.15 key=value parser (DPC)
\KV@toks@=\toks17
) (/usr/local/texlive/2024/texmf-dist/tex/generic/iftex/ifvtex.sty
Package: ifvtex 2019/10/25 v1.7 ifvtex legacy package. Use iftex instead.
 (/usr/local/texlive/2024/texmf-dist/tex/generic/iftex/iftex.sty
Package: iftex 2022/02/03 v1.0f TeX engine tests
))
\Gm@cnth=\count196
\Gm@cntv=\count197
\c@Gm@tempcnt=\count198
\Gm@bindingoffset=\dimen141
\Gm@wd@mp=\dimen142
\Gm@odd@mp=\dimen143
\Gm@even@mp=\dimen144
\Gm@layoutwidth=\dimen145
\Gm@layoutheight=\dimen146
\Gm@layouthoffset=\dimen147
\Gm@layoutvoffset=\dimen148
\Gm@dimlist=\toks18
) (/usr/local/texlive/2024/texmf-dist/tex/latex/base/fontenc.sty
Package: fontenc 2021/04/29 v2.0v Standard LaTeX package
) (/usr/local/texlive/2024/texmf-dist/tex/latex/base/inputenc.sty
Package: inputenc 2021/02/14 v1.3d Input encoding file
\inpenc@prehook=\toks19
\inpenc@posthook=\toks20
) (/usr/local/texlive/2024/texmf-dist/tex/latex/graphics/graphicx.sty
Package: graphicx 2021/09/16 v1.2d Enhanced LaTeX Graphics (DPC,SPQR)
 (/usr/local/texlive/2024/texmf-dist/tex/latex/graphics/graphics.sty
Package: graphics 2022/03/10 v1.4e Standard LaTeX Graphics (DPC,SPQR)
 (/usr/local/texlive/2024/texmf-dist/tex/latex/graphics/trig.sty
Package: trig 2021/08/11 v1.11 sin cos tan (DPC)
) (/usr/local/texlive/2024/texmf-dist/tex/latex/graphics-cfg/graphics.cfg
File: graphics.cfg 2016/06/04 v1.11 sample graphics configuration
)
Package graphics Info: Driver file: pdftex.def on input line 107.
 (/usr/local/texlive/2024/texmf-dist/tex/latex/graphics-def/pdftex.def
File: pdftex.def 2022/09/22 v1.2b Graphics/color driver for pdftex
))
\Gin@req@height=\dimen149
\Gin@req@width=\dimen150
) (/usr/local/texlive/2024/texmf-dist/tex/latex/booktabs/booktabs.sty
Package: booktabs 2020/01/12 v1.61803398 Publication quality tables
\heavyrulewidth=\dimen151
\lightrulewidth=\dimen152
\cmidrulewidth=\dimen153
\belowrulesep=\dimen154
\belowbottomsep=\dimen155
\aboverulesep=\dimen156
\abovetopsep=\dimen157
\cmidrulesep=\dimen158
\cmidrulekern=\dimen159
\defaultaddspace=\dimen160
\@cmidla=\count199
\@cmidlb=\count266
\@aboverulesep=\dimen161
\@belowrulesep=\dimen162
\@thisruleclass=\count267
\@lastruleclass=\count268
\@thisrulewidth=\dimen163
) (/usr/local/texlive/2024/texmf-dist/tex/latex/tools/array.sty
Package: array 2023/10/16 v2.5g Tabular extension package (FMi)
\col@sep=\dimen164
\ar@mcellbox=\box51
\extrarowheight=\dimen165
\NC@list=\toks21
\extratabsurround=\skip50
\backup@length=\skip51
\ar@cellbox=\box52
) (/usr/local/texlive/2024/texmf-dist/tex/latex/tools/tabularx.sty
Package: tabularx 2023/07/08 v2.11c `tabularx' package (DPC)
\TX@col@width=\dimen166
\TX@old@table=\dimen167
\TX@old@col=\dimen168
\TX@target=\dimen169
\TX@delta=\dimen170
\TX@cols=\count269
\TX@ftn=\toks22
) (/usr/local/texlive/2024/texmf-dist/tex/latex/float/float.sty
Package: float 2001/11/08 v1.3d Float enhancements (AL)
\c@float@type=\count270
\float@exts=\toks23
\float@box=\box53
\@float@everytoks=\toks24
\@floatcapt=\box54
) (/usr/local/texlive/2024/texmf-dist/tex/latex/amsmath/amsmath.sty
Package: amsmath 2023/05/13 v2.17o AMS math features
\@mathmargin=\skip52

For additional information on amsmath, use the `?' option.
(/usr/local/texlive/2024/texmf-dist/tex/latex/amsmath/amstext.sty
Package: amstext 2021/08/26 v2.01 AMS text
 (/usr/local/texlive/2024/texmf-dist/tex/latex/amsmath/amsgen.sty
File: amsgen.sty 1999/11/30 v2.0 generic functions
\@emptytoks=\toks25
\ex@=\dimen171
)) (/usr/local/texlive/2024/texmf-dist/tex/latex/amsmath/amsbsy.sty
Package: amsbsy 1999/11/29 v1.2d Bold Symbols
\pmbraise@=\dimen172
) (/usr/local/texlive/2024/texmf-dist/tex/latex/amsmath/amsopn.sty
Package: amsopn 2022/04/08 v2.04 operator names
)
\inf@bad=\count271
LaTeX Info: Redefining \frac on input line 234.
\uproot@=\count272
\leftroot@=\count273
LaTeX Info: Redefining \overline on input line 399.
LaTeX Info: Redefining \colon on input line 410.
\classnum@=\count274
\DOTSCASE@=\count275
LaTeX Info: Redefining \ldots on input line 496.
LaTeX Info: Redefining \dots on input line 499.
LaTeX Info: Redefining \cdots on input line 620.
\Mathstrutbox@=\box55
\strutbox@=\box56
LaTeX Info: Redefining \big on input line 722.
LaTeX Info: Redefining \Big on input line 723.
LaTeX Info: Redefining \bigg on input line 724.
LaTeX Info: Redefining \Bigg on input line 725.
\big@size=\dimen173
LaTeX Font Info:    Redeclaring font encoding OML on input line 743.
LaTeX Font Info:    Redeclaring font encoding OMS on input line 744.
\macc@depth=\count276
LaTeX Info: Redefining \bmod on input line 905.
LaTeX Info: Redefining \pmod on input line 910.
LaTeX Info: Redefining \smash on input line 940.
LaTeX Info: Redefining \relbar on input line 970.
LaTeX Info: Redefining \Relbar on input line 971.
\c@MaxMatrixCols=\count277
\dotsspace@=\muskip16
\c@parentequation=\count278
\dspbrk@lvl=\count279
\tag@help=\toks26
\row@=\count280
\column@=\count281
\maxfields@=\count282
\andhelp@=\toks27
\eqnshift@=\dimen174
\alignsep@=\dimen175
\tagshift@=\dimen176
\tagwidth@=\dimen177
\totwidth@=\dimen178
\lineht@=\dimen179
\@envbody=\toks28
\multlinegap=\skip53
\multlinetaggap=\skip54
\mathdisplay@stack=\toks29
LaTeX Info: Redefining \[ on input line 2953.
LaTeX Info: Redefining \] on input line 2954.
) (/usr/local/texlive/2024/texmf-dist/tex/latex/hyphenat/hyphenat.sty
Package: hyphenat 2009/09/02 v2.3c hyphenation utilities
\langwohyphens=\language89
LaTeX Info: Redefining \_ on input line 43.
) (/usr/local/texlive/2024/texmf-dist/tex/latex/natbib/natbib.sty
Package: natbib 2010/09/13 8.31b (PWD, AO)
\bibhang=\skip55
\bibsep=\skip56
LaTeX Info: Redefining \cite on input line 694.
\c@NAT@ctr=\count283
) (/usr/local/texlive/2024/texmf-dist/tex/latex/hyperref/hyperref.sty
Package: hyperref 2024-01-20 v7.01h Hypertext links for LaTeX
 (/usr/local/texlive/2024/texmf-dist/tex/latex/kvsetkeys/kvsetkeys.sty
Package: kvsetkeys 2022-10-05 v1.19 Key value parser (HO)
) (/usr/local/texlive/2024/texmf-dist/tex/generic/kvdefinekeys/kvdefinekeys.sty
Package: kvdefinekeys 2019-12-19 v1.6 Define keys (HO)
) (/usr/local/texlive/2024/texmf-dist/tex/generic/pdfescape/pdfescape.sty
Package: pdfescape 2019/12/09 v1.15 Implements pdfTeX's escape features (HO)
 (/usr/local/texlive/2024/texmf-dist/tex/generic/ltxcmds/ltxcmds.sty
Package: ltxcmds 2023-12-04 v1.26 LaTeX kernel commands for general use (HO)
) (/usr/local/texlive/2024/texmf-dist/tex/generic/pdftexcmds/pdftexcmds.sty
Package: pdftexcmds 2020-06-27 v0.33 Utility functions of pdfTeX for LuaTeX (HO)
 (/usr/local/texlive/2024/texmf-dist/tex/generic/infwarerr/infwarerr.sty
Package: infwarerr 2019/12/03 v1.5 Providing info/warning/error messages (HO)
)
Package pdftexcmds Info: \pdf@primitive is available.
Package pdftexcmds Info: \pdf@ifprimitive is available.
Package pdftexcmds Info: \pdfdraftmode found.
)) (/usr/local/texlive/2024/texmf-dist/tex/latex/hycolor/hycolor.sty
Package: hycolor 2020-01-27 v1.10 Color options for hyperref/bookmark (HO)
) (/usr/local/texlive/2024/texmf-dist/tex/latex/auxhook/auxhook.sty
Package: auxhook 2019-12-17 v1.6 Hooks for auxiliary files (HO)
) (/usr/local/texlive/2024/texmf-dist/tex/latex/hyperref/nameref.sty
Package: nameref 2023-11-26 v2.56 Cross-referencing by name of section
 (/usr/local/texlive/2024/texmf-dist/tex/latex/refcount/refcount.sty
Package: refcount 2019/12/15 v3.6 Data extraction from label references (HO)
) (/usr/local/texlive/2024/texmf-dist/tex/generic/gettitlestring/gettitlestring.sty
Package: gettitlestring 2019/12/15 v1.6 Cleanup title references (HO)
 (/usr/local/texlive/2024/texmf-dist/tex/latex/kvoptions/kvoptions.sty
Package: kvoptions 2022-06-15 v3.15 Key value format for package options (HO)
))
\c@section@level=\count284
) (/usr/local/texlive/2024/texmf-dist/tex/latex/etoolbox/etoolbox.sty
Package: etoolbox 2020/10/05 v2.5k e-TeX tools for LaTeX (JAW)
\etb@tempcnta=\count285
)
\@linkdim=\dimen180
\Hy@linkcounter=\count286
\Hy@pagecounter=\count287
 (/usr/local/texlive/2024/texmf-dist/tex/latex/hyperref/pd1enc.def
File: pd1enc.def 2024-01-20 v7.01h Hyperref: PDFDocEncoding definition (HO)
Now handling font encoding PD1 ...
... no UTF-8 mapping file for font encoding PD1
) (/usr/local/texlive/2024/texmf-dist/tex/generic/intcalc/intcalc.sty
Package: intcalc 2019/12/15 v1.3 Expandable calculations with integers (HO)
)
\Hy@SavedSpaceFactor=\count288
 (/usr/local/texlive/2024/texmf-dist/tex/latex/hyperref/puenc.def
File: puenc.def 2024-01-20 v7.01h Hyperref: PDF Unicode definition (HO)
Now handling font encoding PU ...
... no UTF-8 mapping file for font encoding PU
)
Package hyperref Info: Option `colorlinks' set `true' on input line 4062.
Package hyperref Info: Hyper figures OFF on input line 4179.
Package hyperref Info: Link nesting OFF on input line 4184.
Package hyperref Info: Hyper index ON on input line 4187.
Package hyperref Info: Plain pages OFF on input line 4194.
Package hyperref Info: Backreferencing OFF on input line 4199.
Package hyperref Info: Implicit mode ON; LaTeX internals redefined.
Package hyperref Info: Bookmarks ON on input line 4446.
\c@Hy@tempcnt=\count289
 (/usr/local/texlive/2024/texmf-dist/tex/latex/url/url.sty
\Urlmuskip=\muskip17
Package: url 2013/09/16  ver 3.4  Verb mode for urls, etc.
)
LaTeX Info: Redefining \url on input line 4784.
\XeTeXLinkMargin=\dimen181
 (/usr/local/texlive/2024/texmf-dist/tex/generic/bitset/bitset.sty
Package: bitset 2019/12/09 v1.3 Handle bit-vector datatype (HO)
 (/usr/local/texlive/2024/texmf-dist/tex/generic/bigintcalc/bigintcalc.sty
Package: bigintcalc 2019/12/15 v1.5 Expandable calculations on big integers (HO)
))
\Fld@menulength=\count290
\Field@Width=\dimen182
\Fld@charsize=\dimen183
Package hyperref Info: Hyper figures OFF on input line 6063.
Package hyperref Info: Link nesting OFF on input line 6068.
Package hyperref Info: Hyper index ON on input line 6071.
Package hyperref Info: backreferencing OFF on input line 6078.
Package hyperref Info: Link coloring ON on input line 6081.
Package hyperref Info: Link coloring with OCG OFF on input line 6088.
Package hyperref Info: PDF/A mode OFF on input line 6093.
 (/usr/local/texlive/2024/texmf-dist/tex/latex/base/atbegshi-ltx.sty
Package: atbegshi-ltx 2021/01/10 v1.0c Emulation of the original atbegshi
package with kernel methods
)
\Hy@abspage=\count291
\c@Item=\count292
\c@Hfootnote=\count293
)
Package hyperref Info: Driver (autodetected): hpdftex.
 (/usr/local/texlive/2024/texmf-dist/tex/latex/hyperref/hpdftex.def
File: hpdftex.def 2024-01-20 v7.01h Hyperref driver for pdfTeX

(/usr/local/texlive/2024/texmf-dist/tex/latex/base/atveryend-ltx.sty
Package: atveryend-ltx 2020/08/19 v1.0a Emulation of the original atveryend package
with kernel methods
)
\Fld@listcount=\count294
\c@bookmark@seq@number=\count295
 (/usr/local/texlive/2024/texmf-dist/tex/latex/rerunfilecheck/rerunfilecheck.sty
Package: rerunfilecheck 2022-07-10 v1.10 Rerun checks for auxiliary files (HO)
 (/usr/local/texlive/2024/texmf-dist/tex/generic/uniquecounter/uniquecounter.sty
Package: uniquecounter 2019/12/15 v1.4 Provide unlimited unique counter (HO)
)
Package uniquecounter Info: New unique counter `rerunfilecheck' on input line 285.
)
\Hy@SectionHShift=\skip57
) (/usr/local/texlive/2024/texmf-dist/tex/latex/caption/caption.sty
Package: caption 2023/08/05 v3.6o Customizing captions (AR)
 (/usr/local/texlive/2024/texmf-dist/tex/latex/caption/caption3.sty
Package: caption3 2023/07/31 v2.4d caption3 kernel (AR)
\caption@tempdima=\dimen184
\captionmargin=\dimen185
\caption@leftmargin=\dimen186
\caption@rightmargin=\dimen187
\caption@width=\dimen188
\caption@indent=\dimen189
\caption@parindent=\dimen190
\caption@hangindent=\dimen191
Package caption Info: Standard document class detected.
)
\c@caption@flags=\count296
\c@continuedfloat=\count297
Package caption Info: float package is loaded.
Package caption Info: hyperref package is loaded.
) (/usr/local/texlive/2024/texmf-dist/tex/latex/l3backend/l3backend-pdftex.def
File: l3backend-pdftex.def 2024-02-20 L3 backend support: PDF output (pdfTeX)
\l__color_backend_stack_int=\count298
\l__pdf_internal_box=\box57
) (./main.aux)
\openout1 = `main.aux'.

LaTeX Font Info:    Checking defaults for OML/cmm/m/it on input line 35.
LaTeX Font Info:    ... okay on input line 35.
LaTeX Font Info:    Checking defaults for OMS/cmsy/m/n on input line 35.
LaTeX Font Info:    ... okay on input line 35.
LaTeX Font Info:    Checking defaults for OT1/cmr/m/n on input line 35.
LaTeX Font Info:    ... okay on input line 35.
LaTeX Font Info:    Checking defaults for T1/cmr/m/n on input line 35.
LaTeX Font Info:    ... okay on input line 35.
LaTeX Font Info:    Checking defaults for TS1/cmr/m/n on input line 35.
LaTeX Font Info:    ... okay on input line 35.
LaTeX Font Info:    Checking defaults for OMX/cmex/m/n on input line 35.
LaTeX Font Info:    ... okay on input line 35.
LaTeX Font Info:    Checking defaults for U/cmr/m/n on input line 35.
LaTeX Font Info:    ... okay on input line 35.
LaTeX Font Info:    Checking defaults for PD1/pdf/m/n on input line 35.
LaTeX Font Info:    ... okay on input line 35.
LaTeX Font Info:    Checking defaults for PU/pdf/m/n on input line 35.
LaTeX Font Info:    ... okay on input line 35.

*geometry* driver: auto-detecting
*geometry* detected driver: pdftex
*geometry* verbose mode - [ preamble ] result:
* driver: pdftex
* paper: <default>
* layout: <same size as paper>
* layoutoffset:(h,v)=(0.0pt,0.0pt)
* modes: 
* h-part:(L,W,R)=(72.26999pt, 469.75502pt, 72.26999pt)
* v-part:(T,H,B)=(72.26999pt, 650.43001pt, 72.26999pt)
* \paperwidth=614.295pt
* \paperheight=794.96999pt
* \textwidth=469.75502pt
* \textheight=650.43001pt
* \oddsidemargin=0.0pt
* \evensidemargin=0.0pt
* \topmargin=-37.0pt
* \headheight=12.0pt
* \headsep=25.0pt
* \topskip=11.0pt
* \footskip=30.0pt
* \marginparwidth=59.0pt
* \marginparsep=10.0pt
* \columnsep=10.0pt
* \skip\footins=10.0pt plus 4.0pt minus 2.0pt
* \hoffset=0.0pt
* \voffset=0.0pt
* \mag=1000
* \@twocolumnfalse
* \@twosidefalse
* \@mparswitchfalse
* \@reversemarginfalse
* (1in=72.27pt=25.4mm, 1cm=28.453pt)

(/usr/local/texlive/2024/texmf-dist/tex/context/base/mkii/supp-pdf.mkii
[Loading MPS to PDF converter (version 2006.09.02).]
\scratchcounter=\count299
\scratchdimen=\dimen192
\scratchbox=\box58
\nofMPsegments=\count300
\nofMParguments=\count301
\everyMPshowfont=\toks30
\MPscratchCnt=\count302
\MPscratchDim=\dimen193
\MPnumerator=\count303
\makeMPintoPDFobject=\count304
\everyMPtoPDFconversion=\toks31
) (/usr/local/texlive/2024/texmf-dist/tex/latex/epstopdf-pkg/epstopdf-base.sty
Package: epstopdf-base 2020-01-24 v2.11 Base part for package epstopdf
Package epstopdf-base Info: Redefining graphics rule for `.eps' on input line 485.
 (/usr/local/texlive/2024/texmf-dist/tex/latex/latexconfig/epstopdf-sys.cfg
File: epstopdf-sys.cfg 2010/07/13 v1.3 Configuration of (r)epstopdf for TeX Live
)) (/usr/local/texlive/2024/texmf-dist/tex/latex/graphics/color.sty
Package: color 2022/01/06 v1.3d Standard LaTeX Color (DPC)
 (/usr/local/texlive/2024/texmf-dist/tex/latex/graphics-cfg/color.cfg
File: color.cfg 2016/01/02 v1.6 sample color configuration
)
Package color Info: Driver file: pdftex.def on input line 149.
 (/usr/local/texlive/2024/texmf-dist/tex/latex/graphics/mathcolor.ltx))
Package hyperref Info: Link coloring ON on input line 35.
 (./main.out) (./main.out)
\@outlinefile=\write3
\openout3 = `main.out'.

Package caption Info: Begin \AtBeginDocument code.
Package caption Info: End \AtBeginDocument code.
LaTeX Font Info:    Trying to load font information for T1+cmtt on input line 38.
 (/usr/local/texlive/2024/texmf-dist/tex/latex/base/t1cmtt.fd
File: t1cmtt.fd 2023/04/13 v2.5m Standard LaTeX font definitions
) (./sections/abstract.tex
Underfull \hbox (badness 3039) in paragraph at lines 1--2
\T1/cmr/m/n/10 clin-i-cally in-ter-pretable fea-tures as-so-ci-ated with re-mis-sion out-comes in a home-based
 []

) (./sections/introduction.tex

Package natbib Warning: Citation `Woodham2021' on page 1 undefined on input line 1.


Package natbib Warning: Citation `woodham2025home' on page 1 undefined on input line 1.


Package natbib Warning: Citation `Hampsey2026' on page 1 undefined on input line 1.

[1

{/usr/local/texlive/2024/texmf-var/fonts/map/pdftex/updmap/pdftex.map}{/usr/local/texlive/2024/texmf-dist/fonts/enc/dvips/cm-super/cm-super-t1.enc}{/usr/local/texlive/2024/texmf-dist/fonts/enc/dvips/cm-super/cm-super-ts1.enc}]

Package natbib Warning: Citation `woodham2025home' on page 2 undefined on input line 5.


Package natbib Warning: Citation `Rimmer2024' on page 2 undefined on input line 5.


Package natbib Warning: Citation `olbrich2013_eeg' on page 2 undefined on input line 7.


Package natbib Warning: Citation `olbrich2015_personalized' on page 2 undefined on input line 7.


Package natbib Warning: Citation `leuchter2010_biomarkers' on page 2 undefined on input line 7.


Package natbib Warning: Citation `Fu2013' on page 2 undefined on input line 7.


Package natbib Warning: Citation `Fu2019' on page 2 undefined on input line 7.


Package natbib Warning: Citation `Widge2019' on page 2 undefined on input line 7.


Package natbib Warning: Citation `simmatis2023_technical' on page 2 undefined on input line 7.


Package natbib Warning: Citation `watts2022predicting' on page 2 undefined on input line 7.


Package natbib Warning: Citation `cohen2023electroencephalography' on page 2 undefined on input line 7.


Package natbib Warning: Citation `AlKaysi2017' on page 2 undefined on input line 7.


Package natbib Warning: Citation `jaworska2019_leveraging' on page 2 undefined on input line 7.


Package natbib Warning: Citation `oakley2022_eeg' on page 2 undefined on input line 7.


Package natbib Warning: Citation `shalbaf2018_nonlinear' on page 2 undefined on input line 7.


Package natbib Warning: Citation `ebrahimzadeh2021_predicting' on page 2 undefined on input line 7.


Package natbib Warning: Citation `zhdanov_svm_prediction' on page 2 undefined on input line 7.


Package natbib Warning: Citation `Puthankattil2012' on page 2 undefined on input line 7.


Package natbib Warning: Citation `Ghiasi2021' on page 2 undefined on input line 7.


Package natbib Warning: Citation `Zhao2022' on page 2 undefined on input line 7.


Package natbib Warning: Citation `Shim2021' on page 2 undefined on input line 7.


Package natbib Warning: Citation `Shen2025' on page 2 undefined on input line 7.


Package natbib Warning: Citation `Widge2019' on page 2 undefined on input line 9.


Package natbib Warning: Citation `Shim2021' on page 2 undefined on input line 9.


Package natbib Warning: Citation `Shen2025' on page 2 undefined on input line 9.


Package natbib Warning: Citation `funk2008_prefrontal' on page 2 undefined on input line 9.


Package natbib Warning: Citation `bailey2023_concurrent' on page 2 undefined on input line 9.


Package natbib Warning: Citation `murphy2023_neural' on page 2 undefined on input line 9.


Package natbib Warning: Citation `guo2024_restingstate' on page 2 undefined on input line 9.


Package natbib Warning: Citation `tsai2023_review' on page 2 undefined on input line 9.


Package natbib Warning: Citation `Dagnino2023' on page 2 undefined on input line 9.


Package natbib Warning: Citation `sheen2024_response' on page 2 undefined on input line 9.


Package natbib Warning: Citation `zeidabadi2025_prediction' on page 2 undefined on input line 9.


Package natbib Warning: Citation `reissmann2026_thetacordance' on page 2 undefined on input line 9.


Package natbib Warning: Citation `ulrich2025_alterations' on page 2 undefined on input line 9.

[2]

Package natbib Warning: Citation `Moncy2024' on page 3 undefined on input line 11.


Package natbib Warning: Citation `Xiao2025PMIP' on page 3 undefined on input line 11.


Package natbib Warning: Citation `Moncy2024' on page 3 undefined on input line 11.


Package natbib Warning: Citation `Xiao2025PMIP' on page 3 undefined on input line 11.


Underfull \hbox (badness 1668) in paragraph at lines 11--12
[]\T1/cmr/m/n/10.95 Within the same home-based 4-channel MDD pro-gram anal-ysed here, power spec-tral
 []


Package natbib Warning: Citation `Moncy2024' on page 3 undefined on input line 13.


Package natbib Warning: Citation `Xiao2025PMIP' on page 3 undefined on input line 13.

) (./sections/methods.tex

Package natbib Warning: Citation `woodham2025home' on page 3 undefined on input line 3.

<FuseHeadset.jpg, id=96, 1080.07515pt x 585.74835pt>
File: FuseHeadset.jpg Graphic file (type jpg)
<use FuseHeadset.jpg>
Package pdftex.def Info: FuseHeadset.jpg  used on input line 7.
(pdftex.def)             Requested size: 432.17375pt x 234.37563pt.
[3]

Package natbib Warning: Citation `woodham2025home' on page 4 undefined on input line 14.


Package natbib Warning: Citation `woodham2025home' on page 4 undefined on input line 14.

(./tables/cohort_summary.tex

Package natbib Warning: Citation `woodham2025home' on page 4 undefined on input line 7.

) [4 <./FuseHeadset.jpg>]

Package natbib Warning: Citation `Miranda2019' on page 5 undefined on input line 20.


Package natbib Warning: Citation `Miranda2019' on page 5 undefined on input line 22.


Package natbib Warning: Citation `Siuly2017' on page 5 undefined on input line 22.


Package natbib Warning: Citation `Mahato2020' on page 5 undefined on input line 22.


Package natbib Warning: Citation `simmatis2023_technical' on page 5 undefined on input line 22.


Package natbib Warning: Citation `babiloni2012_guidelines' on page 5 undefined on input line 22.

[5]

Package natbib Warning: Citation `Shen2025' on page 6 undefined on input line 26.


Package natbib Warning: Citation `Zhang2023EEGMethods' on page 6 undefined on input line 26.


Package natbib Warning: Citation `Welch1967' on page 6 undefined on input line 28.


Package natbib Warning: Citation `olbrich2013_eeg' on page 6 undefined on input line 28.


Package natbib Warning: Citation `Mahato2020' on page 6 undefined on input line 28.


Package natbib Warning: Citation `Mumtaz2017' on page 6 undefined on input line 28.


Package natbib Warning: Citation `Jaworska2018' on page 6 undefined on input line 28.

(./tables/feature_extraction_summary.tex) [6]

Package natbib Warning: Citation `Zhang2023EEGMethods' on page 7 undefined on input line 38.


Package natbib Warning: Citation `Hjorth1970' on page 7 undefined on input line 38.


Package natbib Warning: Citation `Puthankattil2012' on page 7 undefined on input line 40.


Package natbib Warning: Citation `Faust2014' on page 7 undefined on input line 40.


Package natbib Warning: Citation `Acharya2015' on page 7 undefined on input line 40.


Package natbib Warning: Citation `Zhao2022' on page 7 undefined on input line 40.


Package natbib Warning: Citation `Jaworska2018' on page 7 undefined on input line 40.


Package natbib Warning: Citation `Lord2023' on page 7 undefined on input line 40.

[7]

Package natbib Warning: Citation `Ghiasi2021' on page 8 undefined on input line 50.


Package natbib Warning: Citation `Mahato2020' on page 8 undefined on input line 50.


Package natbib Warning: Citation `Monni2022' on page 8 undefined on input line 50.


Package natbib Warning: Citation `Ghiasi2021' on page 8 undefined on input line 52.


Package natbib Warning: Citation `Zhao2022' on page 8 undefined on input line 52.


Package natbib Warning: Citation `ulrich2025_alterations' on page 8 undefined on input line 52.


Package natbib Warning: Citation `Mahato2020' on page 8 undefined on input line 54.


Package natbib Warning: Citation `Mumtaz2017' on page 8 undefined on input line 54.


Package natbib Warning: Citation `Chawla2002' on page 8 undefined on input line 58.


Underfull \hbox (badness 10000) in paragraph at lines 58--59
\T1/cmr/m/n/10.95 or-der-ing, Se-lec-tKBest with ANOVA $\OML/cmm/m/it/10.95 F$ \T1/cmr/m/n/10.95 statis-tics, leave-one-participant-out eval-u-a-tion,
 []


Package natbib Warning: Citation `Shim2021' on page 8 undefined on input line 60.

<figures/figure0_processing_pipeline.png, id=125, 910.602pt x 487.3407pt>
File: figures/figure0_processing_pipeline.png Graphic file (type png)
<use figures/figure0_processing_pipeline.png>
Package pdftex.def Info: figures/figure0_processing_pipeline.png  used on input line 64.
(pdftex.def)             Requested size: 469.75502pt x 251.40341pt.
[8] (./tables/model_configuration_summary.tex) [9 <./figures/figure0_processing_pipeline.png>]
Underfull \hbox (badness 4872) in paragraph at lines 87--88
[]\T1/cmr/m/n/10.95 The ar-chi-tec-tural choices were in-tended to dis-tribute the mod-el-ing bur-den across
 []


Underfull \hbox (badness 1264) in paragraph at lines 87--88
\T1/cmr/m/n/10.95 short-range in-ter-ac-tions and pro-duced pro-gres-sively richer multi-scale fea-ture maps. The
 []

[10]

Package natbib Warning: Citation `olbrich2013_eeg' on page 11 undefined on input line 95.


Package natbib Warning: Citation `olbrich2015_personalized' on page 11 undefined on input line 95.


Package natbib Warning: Citation `simmatis2023_technical' on page 11 undefined on input line 95.

) (./sections/results.tex [11]
<figures/sweep_window_roc_auc.png, id=157, 474.8139pt x 350.5095pt>
File: figures/sweep_window_roc_auc.png Graphic file (type png)
<use figures/sweep_window_roc_auc.png>
Package pdftex.def Info: figures/sweep_window_roc_auc.png  used on input line 9.
(pdftex.def)             Requested size: 441.57086pt x 325.96512pt.
<figures/sweep_inner_k_roc_auc.png, id=159, 474.8139pt x 350.5095pt>
File: figures/sweep_inner_k_roc_auc.png Graphic file (type png)
<use figures/sweep_inner_k_roc_auc.png>
Package pdftex.def Info: figures/sweep_inner_k_roc_auc.png  used on input line 18.
(pdftex.def)             Requested size: 441.57086pt x 325.96512pt.
 [12 <./figures/sweep_window_roc_auc.png>]
<figures/sweep_jaccard_inner_k.png, id=167, 474.8139pt x 350.5095pt>
File: figures/sweep_jaccard_inner_k.png Graphic file (type png)
<use figures/sweep_jaccard_inner_k.png>
Package pdftex.def Info: figures/sweep_jaccard_inner_k.png  used on input line 27.
(pdftex.def)             Requested size: 441.57086pt x 325.96512pt.
 [13 <./figures/sweep_inner_k_roc_auc.png>]
<figures/sweep_unique_features_inner_k.png, id=176, 478.1865pt x 350.5095pt>
File: figures/sweep_unique_features_inner_k.png Graphic file (type png)
<use figures/sweep_unique_features_inner_k.png>
Package pdftex.def Info: figures/sweep_unique_features_inner_k.png  used on input line 34.
(pdftex.def)             Requested size: 441.57086pt x 323.68674pt.
 [14 <./figures/sweep_jaccard_inner_k.png>]
Underfull \hbox (badness 1226) in paragraph at lines 41--42
\T1/cmr/m/n/10.95 PR-AUC 0.579, bal-anced ac-cu-racy 0.786 [95% CI: 0.571--0.967], ac-cu-racy 0.810 [95% CI:
 []

<figures/main_patient_roc_curve.png, id=186, 513.117pt x 397.0032pt>
File: figures/main_patient_roc_curve.png Graphic file (type png)
<use figures/main_patient_roc_curve.png>
Package pdftex.def Info: figures/main_patient_roc_curve.png  used on input line 45.
(pdftex.def)             Requested size: 441.57086pt x 341.6584pt.
[15 <./figures/sweep_unique_features_inner_k.png>]
<figures/main_patient_metric_summary.png, id=195, 585.6279pt x 411.2163pt>
File: figures/main_patient_metric_summary.png Graphic file (type png)
<use figures/main_patient_metric_summary.png>
Package pdftex.def Info: figures/main_patient_metric_summary.png  used on input line 56.
(pdftex.def)             Requested size: 441.57086pt x 310.06169pt.
 [16 <./figures/main_patient_roc_curve.png>] (./tables/best_run_comparison.tex) (./tables/intermediate_baselines.tex)
! Too many }'s.
l.81 \end{paperwidetable}}
                          
You've closed more groups than you opened.
Such booboos are generally harmless, so keep going.

[17 <./figures/main_patient_metric_summary.png>]
Underfull \hbox (badness 1067) in paragraph at lines 85--86
\T1/cmr/m/n/10.95 se-lected fea-ture was \T1/cmtt/m/n/10.95 tp10_-spectral_-entropy\T1/cmr/m/n/10.95 , se-lected in 8 of 21 folds. The next most
 []

<figures/biomarker_selection_frequency.png, id=214, 685.3605pt x 382.5492pt>
File: figures/biomarker_selection_frequency.png Graphic file (type png)
<use figures/biomarker_selection_frequency.png>
Package pdftex.def Info: figures/biomarker_selection_frequency.png  used on input line 89.
(pdftex.def)             Requested size: 441.57086pt x 246.47673pt.
[18] (./tables/hybrid_recurrent_biomarkers.tex)
Underfull \hbox (badness 1107) in paragraph at lines 103--104
\T1/cmr/m/n/10.95 fea-tures re-tain-ing the same ef-fect di-rec-tion across the folds in which they were se-lected.
 []


Underfull \hbox (badness 1668) in paragraph at lines 103--104
\T1/cmtt/m/n/10.95 tp10_-spectral_-entropy \T1/cmr/m/n/10.95 and the frontal-temporal gamma and beta dif-fer-ence terms were
 []

<figures/figure6_class_conditional_selection.png, id=224, 728.7225pt x 397.0032pt>
File: figures/figure6_class_conditional_selection.png Graphic file (type png)
<use figures/figure6_class_conditional_selection.png>
Package pdftex.def Info: figures/figure6_class_conditional_selection.png  used on input line 107.
(pdftex.def)             Requested size: 441.57086pt x 240.56023pt.
[19 <./figures/biomarker_selection_frequency.png>]
<figures/figure7_effect_size.png, id=233, 728.9634pt x 397.0032pt>
File: figures/figure7_effect_size.png Graphic file (type png)
<use figures/figure7_effect_size.png>
Package pdftex.def Info: figures/figure7_effect_size.png  used on input line 120.
(pdftex.def)             Requested size: 441.57086pt x 240.48753pt.
) [20 <./figures/figure6_class_conditional_selection.png>] (./sections/discussion.tex
Underfull \hbox (badness 1132) in paragraph at lines 1--2
\T1/cmr/m/n/10.95 The strongest patient-level dis-crim-i-na-tion in this sweep emerged from the spars-est tested
 []

[21 <./figures/figure7_effect_size.png>]

Package natbib Warning: Citation `olbrich2013_eeg' on page 22 undefined on input line 7.


Package natbib Warning: Citation `olbrich2015_personalized' on page 22 undefined on input line 7.


Package natbib Warning: Citation `leuchter2010_biomarkers' on page 22 undefined on input line 7.


Package natbib Warning: Citation `Fu2019' on page 22 undefined on input line 7.


Package natbib Warning: Citation `simmatis2023_technical' on page 22 undefined on input line 7.


Package natbib Warning: Citation `Moncy2025BD' on page 22 undefined on input line 7.


Package natbib Warning: Citation `AlKaysi2017' on page 22 undefined on input line 7.


Package natbib Warning: Citation `jaworska2019_leveraging' on page 22 undefined on input line 7.


Package natbib Warning: Citation `oakley2022_eeg' on page 22 undefined on input line 7.


Package natbib Warning: Citation `shalbaf2018_nonlinear' on page 22 undefined on input line 7.


Package natbib Warning: Citation `ebrahimzadeh2021_predicting' on page 22 undefined on input line 7.


Package natbib Warning: Citation `zhdanov_svm_prediction' on page 22 undefined on input line 7.


Package natbib Warning: Citation `watts2022predicting' on page 22 undefined on input line 7.


Package natbib Warning: Citation `cohen2023electroencephalography' on page 22 undefined on input line 7.

(./tables/sota_comparison.tex

Package natbib Warning: Citation `Moncy2024' on page 22 undefined on input line 5.


Package natbib Warning: Citation `Xiao2025PMIP' on page 22 undefined on input line 6.


Package natbib Warning: Citation `AlKaysi2017' on page 22 undefined on input line 7.


Package natbib Warning: Citation `jaworska2019_leveraging' on page 22 undefined on input line 8.


Package natbib Warning: Citation `oakley2022_eeg' on page 22 undefined on input line 9.


Package natbib Warning: Citation `ebrahimzadeh2021_predicting' on page 22 undefined on input line 10.


Package natbib Warning: Citation `shalbaf2018_nonlinear' on page 22 undefined on input line 11.


Package natbib Warning: Citation `zhdanov_svm_prediction' on page 22 undefined on input line 12.


Overfull \hbox (167.99367pt too wide) in paragraph at lines 1--16
 [][] 
 []

)

Package natbib Warning: Citation `Widge2019' on page 22 undefined on input line 17.


Package natbib Warning: Citation `Shim2021' on page 22 undefined on input line 17.


Package natbib Warning: Citation `Shen2025' on page 22 undefined on input line 17.

[22]

Package natbib Warning: Citation `Moncy2024' on page 23 undefined on input line 19.


Package natbib Warning: Citation `Xiao2025PMIP' on page 23 undefined on input line 19.


Package natbib Warning: Citation `Moncy2025BD' on page 23 undefined on input line 23.


Package natbib Warning: Citation `Xiao2025JAD' on page 23 undefined on input line 23.

[23]

Package natbib Warning: Citation `Dagnino2023' on page 24 undefined on input line 27.


Package natbib Warning: Citation `funk2008_prefrontal' on page 24 undefined on input line 27.


Package natbib Warning: Citation `bailey2023_concurrent' on page 24 undefined on input line 27.


Package natbib Warning: Citation `guo2024_restingstate' on page 24 undefined on input line 27.


Package natbib Warning: Citation `romeromarn2026_remotely' on page 24 undefined on input line 27.


Package natbib Warning: Citation `kratter2026_stanford' on page 24 undefined on input line 27.


Package natbib Warning: Citation `waller2026_transient' on page 24 undefined on input line 27.


Package natbib Warning: Citation `sheen2024_response' on page 24 undefined on input line 27.


Package natbib Warning: Citation `zeidabadi2025_prediction' on page 24 undefined on input line 27.


Package natbib Warning: Citation `reissmann2026_thetacordance' on page 24 undefined on input line 27.


Package natbib Warning: Citation `ulrich2025_alterations' on page 24 undefined on input line 27.


Package natbib Warning: Citation `pettorruso2024_overcoming' on page 24 undefined on input line 27.

) (./sections/conclusion.tex) [24] (./sections/author_contributions.tex) (./sections/acknowledgements.tex) (./main.bbl [25] [26]
** WARNING: IEEEtranN.bst: No hyphenation pattern has been
** loaded for the language `en'. Using the pattern for
** the default language instead.
** WARNING: IEEEtranN.bst: No hyphenation pattern has been
** loaded for the language `en'. Using the pattern for
** the default language instead.
[27]
Underfull \hbox (badness 1496) in paragraph at lines 138--139
[]\T1/cmr/m/n/10.95 P. C. Dagnino, C. Bra-boszcz, E. Kroupi, M. Splittger-ber, H. Brauer, A. Dempfle,
 []

** WARNING: IEEEtranN.bst: No hyphenation pattern has been
** loaded for the language `en'. Using the pattern for
** the default language instead.
** WARNING: IEEEtranN.bst: No hyphenation pattern has been
** loaded for the language `en'. Using the pattern for
** the default language instead.
[28] [29])

Package natbib Warning: There were undefined citations.

[30] (./main.aux

Package natbib Warning: Citation(s) may have changed.
(natbib)                Rerun to get citations correct.

)
 ***********
LaTeX2e <2023-11-01> patch level 1
L3 programming layer <2024-02-20>
 ***********
Package rerunfilecheck Info: File `main.out' has not changed.
(rerunfilecheck)             Checksum: E9C379B8827CD57B33792AF0F5707F67;2835.
 ) 
Here is how much of TeX's memory you used:
 12368 strings out of 474116
 199559 string characters out of 5743681
 1944187 words of memory out of 5000000
 34396 multiletter control sequences out of 15000+600000
 578063 words of font info for 79 fonts, out of 8000000 for 9000
 1141 hyphenation exceptions out of 8191
 75i,19n,79p,2747b,664s stack positions out of 10000i,1000n,20000p,200000b,200000s
</usr/local/texlive/2024/texmf-dist/fonts/type1/public/amsfonts/cm/cmex10.pfb></usr/local/texlive/2024/texmf-dist/fonts/type1/public/amsfonts/cm/cmmi10.pfb></usr/local/texlive/2024/texmf-dist/fonts/type1/public/amsfonts/cm/cmmi8.pfb></usr/local/texlive/2024/texmf-dist/fonts/type1/public/amsfonts/cm/cmmi9.pfb></usr/local/texlive/2024/texmf-dist/fonts/type1/public/amsfonts/cm/cmr10.pfb></usr/local/texlive/2024/texmf-dist/fonts/type1/public/amsfonts/cm/cmr6.pfb></usr/local/texlive/2024/texmf-dist/fonts/type1/public/amsfonts/cm/cmr7.pfb></usr/local/texlive/2024/texmf-dist/fonts/type1/public/amsfonts/cm/cmr8.pfb></usr/local/texlive/2024/texmf-dist/fonts/type1/public/amsfonts/cm/cmr9.pfb></usr/local/texlive/2024/texmf-dist/fonts/type1/public/amsfonts/cm/cmsy10.pfb></usr/local/texlive/2024/texmf-dist/fonts/type1/public/amsfonts/cm/cmsy6.pfb></usr/local/texlive/2024/texmf-dist/fonts/type1/public/amsfonts/cm/cmsy9.pfb></usr/local/texlive/2024/texmf-dist/fonts/type1/public/cm-super/sfbx0900.pfb></usr/local/texlive/2024/texmf-dist/fonts/type1/public/cm-super/sfbx1000.pfb></usr/local/texlive/2024/texmf-dist/fonts/type1/public/cm-super/sfbx1095.pfb></usr/local/texlive/2024/texmf-dist/fonts/type1/public/cm-super/sfbx1200.pfb></usr/local/texlive/2024/texmf-dist/fonts/type1/public/cm-super/sfbx1440.pfb></usr/local/texlive/2024/texmf-dist/fonts/type1/public/cm-super/sfrm0600.pfb></usr/local/texlive/2024/texmf-dist/fonts/type1/public/cm-super/sfrm0700.pfb></usr/local/texlive/2024/texmf-dist/fonts/type1/public/cm-super/sfrm0800.pfb></usr/local/texlive/2024/texmf-dist/fonts/type1/public/cm-super/sfrm0900.pfb></usr/local/texlive/2024/texmf-dist/fonts/type1/public/cm-super/sfrm1000.pfb></usr/local/texlive/2024/texmf-dist/fonts/type1/public/cm-super/sfrm1095.pfb></usr/local/texlive/2024/texmf-dist/fonts/type1/public/cm-super/sfrm1200.pfb></usr/local/texlive/2024/texmf-dist/fonts/type1/public/cm-super/sfrm1728.pfb></usr/local/texlive/2024/texmf-dist/fonts/type1/public/cm-super/sfti1095.p
fb></usr/local/texlive/2024/texmf-dist/fonts/type1/public/cm-super/sftt0900.pfb></usr/local/texlive/2024/texmf-dist/fonts/type1/public/cm-super/sftt1000.pfb></usr/local/texlive/2024/texmf-dist/fonts/type1/public/cm-super/sftt1095.pfb>
Output written on main.pdf (30 pages, 2516151 bytes).
PDF statistics:
 533 PDF objects out of 1000 (max. 8388607)
 415 compressed objects within 5 object streams
 124 named destinations out of 1000 (max. 500000)
 184 words of extra memory for PDF output out of 10000 (max. 10000000)

